[14:25:26] dumps: cal 8858 rows, held 6665 rows
[14:25:53] built: /workspace/dl/draft.mclp: output.weight 32000x4096 BF16, width 768, cands 2048, preview captures 99.7% of E||E h||^2
[14:26:16] validate (held-out):
held     W=  256 N=   256  top1  83.17%  recall40  65.15%  TV 0.1883  read   3.9%  (3000 tokens)
held     W=  256 N=   512  top1  89.67%  recall40  74.19%  TV 0.1217  read   4.8%  (3000 tokens)
held     W=  256 N=  1024  top1  94.23%  recall40  82.86%  TV 0.0724  read   7.1%  (3000 tokens)
held     W=  256 N=  2048  top1  97.33%  recall40  89.98%  TV 0.0369  read  11.8%  (3000 tokens)
held     W=  384 N=   256  top1  89.70%  recall40  69.99%  TV 0.1270  read   5.1%  (3000 tokens)
held     W=  384 N=   512  top1  94.23%  recall40  78.59%  TV 0.0784  read   6.1%  (3000 tokens)
held     W=  384 N=  1024  top1  97.10%  recall40  86.54%  TV 0.0431  read   8.4%  (3000 tokens)
held     W=  384 N=  2048  top1  98.63%  recall40  92.64%  TV 0.0210  read  13.0%  (3000 tokens)
held     W=  512 N=   256  top1  93.90%  recall40  73.96%  TV 0.0869  read   6.4%  (3000 tokens)
held     W=  512 N=   512  top1  96.83%  recall40  82.56%  TV 0.0501  read   7.4%  (3000 tokens)
held     W=  512 N=  1024  top1  98.63%  recall40  89.67%  TV 0.0260  read   9.7%  (3000 tokens)
held     W=  512 N=  2048  top1  99.60%  recall40  94.83%  TV 0.0123  read  14.3%  (3000 tokens)
held     W=  768 N=   256  top1  97.60%  recall40  80.42%  TV 0.0482  read   9.0%  (3000 tokens)
held     W=  768 N=   512  top1  98.70%  recall40  87.94%  TV 0.0279  read   9.9%  (3000 tokens)
held     W=  768 N=  1024  top1  99.63%  recall40  93.72%  TV 0.0134  read  12.3%  (3000 tokens)
held     W=  768 N=  2048  top1  99.80%  recall40  97.13%  TV 0.0063  read  17.0%  (3000 tokens)
[14:26:33] p0 cpu stock: eval time =    6632.32 ms /   127 runs   (   52.22 ms per token,    19.15 tokens per second)
[14:26:47] p0 cpu tree d5k1n5 dense: depth=5 k=1 nt=5 generated 128 tokens in 9.313 s, 13.637 t/s; cycles=52 accepted/cycle=1.44 tokens/cycle=2.44 tree=5.0 ms/cycle draft 81.97 verify 95.74 commit 1.38 
[14:27:00] p0 cpu tree d5k1n5 landscape: depth=5 k=1 nt=5 generated 128 tokens in 7.547 s, 16.827 t/s; cycles=55 accepted/cycle=1.31 tokens/cycle=2.31 tree=5.0 ms/cycle draft 45.53 verify 90.44 commit 1.25 landscape: tokens=343 survivors/token=1455.5 stages/token=0.0 read_frac=0.0966 
[14:27:17] p0 cpu tree d5k2n10 dense: depth=5 k=2 nt=10 generated 128 tokens in 12.148 s, 10.454 t/s; cycles=45 accepted/cycle=1.82 tokens/cycle=2.82 tree=10.0 ms/cycle draft 86.19 verify 182.48 commit 1.29 
[14:27:35] p0 cpu tree d5k2n10 landscape: depth=5 k=2 nt=10 generated 128 tokens in 13.100 s, 9.695 t/s; cycles=49 accepted/cycle=1.59 tokens/cycle=2.59 tree=10.0 ms/cycle draft 75.50 verify 190.32 commit 1.52 landscape: tokens=515 survivors/token=1448.7 stages/token=0.0 read_frac=0.0964 
[14:27:52] p0 cpu tree d4k4n16 dense: depth=4 k=4 nt=16 generated 128 tokens in 11.871 s, 10.698 t/s; cycles=30 accepted/cycle=3.23 tokens/cycle=4.23 tree=16.0 ms/cycle draft 93.28 verify 292.68 commit 9.74 
[14:28:08] p0 cpu tree d4k4n16 landscape: depth=4 k=4 nt=16 generated 128 tokens in 10.636 s, 11.940 t/s; cycles=30 accepted/cycle=3.23 tokens/cycle=4.23 tree=16.0 ms/cycle draft 70.29 verify 276.45 commit 7.78 landscape: tokens=487 survivors/token=1456.3 stages/token=0.0 read_frac=0.0967 
[14:28:26] p1 cpu stock: eval time =    6702.30 ms /   127 runs   (   52.77 ms per token,    18.95 tokens per second)
[14:28:38] p1 cpu tree d5k1n5 dense: depth=5 k=1 nt=5 generated 128 tokens in 6.424 s, 19.770 t/s; cycles=31 accepted/cycle=3.10 tokens/cycle=4.10 tree=5.0 ms/cycle draft 93.94 verify 103.49 (target decode 103.18) commit 9.78 
[14:28:48] p1 cpu tree d5k1n5 landscape: depth=5 k=1 nt=5 generated 128 tokens in 4.865 s, 26.106 t/s; cycles=32 accepted/cycle=2.97 tokens/cycle=3.97 tree=5.0 ms/cycle draft 53.25 verify 91.55 (target decode 91.28) commit 7.21 landscape: tokens=255 survivors/token=1523.8 stages/token=0.0 read_frac=0.0988 
[14:29:02] p1 cpu tree d5k2n10 dense: depth=5 k=2 nt=10 generated 128 tokens in 8.525 s, 14.898 t/s; cycles=29 accepted/cycle=3.41 tokens/cycle=4.41 tree=10.0 ms/cycle draft 106.01 verify 179.52 (target decode 179.17) commit 8.40 
[14:29:15] p1 cpu tree d5k2n10 landscape: depth=5 k=2 nt=10 generated 128 tokens in 7.924 s, 16.027 t/s; cycles=29 accepted/cycle=3.41 tokens/cycle=4.41 tree=10.0 ms/cycle draft 78.32 verify 186.96 (target decode 186.59) commit 7.95 landscape: tokens=360 survivors/token=1526.1 stages/token=0.0 read_frac=0.0988 
[14:29:32] p1 cpu tree d4k4n16 dense: depth=4 k=4 nt=16 generated 128 tokens in 12.037 s, 10.551 t/s; cycles=32 accepted/cycle=3.00 tokens/cycle=4.00 tree=16.0 ms/cycle draft 87.30 verify 280.27 (target decode 279.91) commit 8.55 
[14:29:49] p1 cpu tree d4k4n16 landscape: depth=4 k=4 nt=16 generated 128 tokens in 11.403 s, 11.137 t/s; cycles=32 accepted/cycle=3.00 tokens/cycle=4.00 tree=16.0 ms/cycle draft 69.45 verify 279.04 (target decode 278.70) commit 7.85 landscape: tokens=512 survivors/token=1516.4 stages/token=0.0 read_frac=0.0985 
[14:29:49] DRAFTLS_DONE
