[?2026h[?25l[1Gpulling manifest ⠋ [K[?25h[?2026l[?2026h[?25l[1Gpulling manifest ⠙ [K[?25h[?2026l[?2026h[?25l[1Gpulling manifest ⠹ [K[?25h[?2026l[?2026h[?25l[1Gpulling manifest ⠸ [K[?25h[?2026l[?2026h[?25l[1Gpulling manifest ⠼ [K[?25h[?2026l[?2026h[?25l[1Gpulling manifest ⠴ [K[?25h[?2026l[?2026h[?25l[1Gpulling manifest [K
pulling e796792eba26:   0% ▕                  ▏  12 MB/ 17 GB                  [K[?25h[?2026l[?2026h[?25l[A[1Gpulling manifest [K
pulling e796792eba26:   0% ▕                  ▏  62 MB/ 17 GB                  [K[?25h[?2026l[?2026h[?25l[A[1Gpulling manifest [K
pulling e796792eba26:   0% ▕                  ▏  86 MB/ 17 GB                  [K[?25h[?2026l[?2026h[?25l[A[1Gpulling manifest [K
pulling e796792eba26:   1% ▕                  ▏ 164 MB/ 17 GB                  [K[?25h[?2026l[?2026h[?25l[A[1Gpulling manifest [K
pulling e796792eba26:   1% ▕                  ▏ 241 MB/ 17 GB                  [K[?25h[?2026l[?2026h[?25l[A[1Gpulling manifest [K
pulling e796792eba26:   2% ▕                  ▏ 277 MB/ 17 GB                  [K[?25h[?2026l[?2026h[?25l[A[1Gpulling manifest [K
pulling e796792eba26:   2% ▕                  ▏ 389 MB/ 17 GB                  [K[?25h[?2026l[?2026h[?25l[A[1Gpulling manifest [K
pulling e796792eba26:   3% ▕                  ▏ 510 MB/ 17 GB                  [K[?25h[?2026l[?2026h[?25l[A[1Gpulling manifest [K
pulling e796792eba26:   3% ▕                  ▏ 568 MB/ 17 GB                  [K[?25h[?2026l[?2026h[?25l[A[1Gpulling manifest [K
pulling e796792eba26:   4% ▕                  ▏ 683 MB/ 17 GB                  [K[?25h[?2026l[?2026h[?25l[A[1Gpulling manifest [K
pulling e796792eba26:   4% ▕                  ▏ 752 MB/ 17 GB  738 MB/s     22s[K[?25h[?2026l[?2026h[?25l[A[1Gpulling manifest [K
pulling e796792eba26:   5% ▕                  ▏ 807 MB/ 17 GB  738 MB/s     22s[K[?25h[?2026l[?2026h[?25l[A[1Gpulling manifest [K
pulling e796792eba26:   5% ▕                  ▏ 926 MB/ 17 GB  738 MB/s     22s[K[?25h[?2026l[?2026h[?25l[A[1Gpulling manifest [K
pulling e796792eba26:   6% ▕█                 ▏ 1.1 GB/ 17 GB  738 MB/s     22s[K[?25h[?2026l[?2026h[?25l[A[1Gpulling manifest [K
pulling e796792eba26:   6% ▕█                 ▏ 1.1 GB/ 17 GB  738 MB/s     22s[K[?25h[?2026l[?2026h[?25l[A[1Gpulling manifest [K
pulling e796792eba26:   7% ▕█                 ▏ 1.3 GB/ 17 GB  738 MB/s     21s[K[?25h[?2026l[?2026h[?25l[A[1Gpulling manifest [K
pulling e796792eba26:   8% ▕█                 ▏ 1.4 GB/ 17 GB  738 MB/s     21s[K[?25h[?2026l[?2026h[?25l[A[1Gpulling manifest [K
pulling e796792eba26:   8% ▕█                 ▏ 1.4 GB/ 17 GB  738 MB/s     21s[K[?25h[?2026l[?2026h[?25l[A[1Gpulling manifest [K
pulling e796792eba26:   9% ▕█                 ▏ 1.5 GB/ 17 GB  738 MB/s     21s[K[?25h[?2026l[?2026h[?25l[A[1Gpulling manifest [K
pulling e796792eba26:   9% ▕█                 ▏ 1.6 GB/ 17 GB  738 MB/s     21s[K[?25h[?2026l[?2026h[?25l[A[1Gpulling manifest [K
pulling e796792eba26:  10% ▕█                 ▏ 1.7 GB/ 17 GB  857 MB/s     18s[K[?25h[?2026l[?2026h[?25l[A[1Gpulling manifest [K
pulling e796792eba26:  11% ▕█                 ▏ 1.8 GB/ 17 GB  857 MB/s     18s[K[?25h[?2026l[?2026h[?25l[A[1Gpulling manifest [K
pulling e796792eba26:  11% ▕██                ▏ 2.0 GB/ 17 GB  857 MB/s     17s[K[?25h[?2026l[?2026h[?25l[A[1Gpulling manifest [K
pulling e796792eba26:  12% ▕██                ▏ 2.0 GB/ 17 GB  857 MB/s     17s[K[?25h[?2026l[?2026h[?25l[A[1Gpulling manifest [K
pulling e796792eba26:  12% ▕██                ▏ 2.1 GB/ 17 GB  857 MB/s     17s[K[?25h[?2026l[?2026h[?25l[A[1Gpulling manifest [K
pulling e796792eba26:  12% ▕██                ▏ 2.2 GB/ 17 GB  857 MB/s     17s[K[?25h[?2026l[?2026h[?25l[A[1Gpulling manifest [K
pulling e796792eba26:  13% ▕██                ▏ 2.2 GB/ 17 GB  857 MB/s     17s[K[?25h[?2026l[?2026h[?25l[A[1Gpulling manifest [K
pulling e796792eba26:  13% ▕██                ▏ 2.3 GB/ 17 GB  857 MB/s     17s[K[?25h[?2026l[?2026h[?25l[A[1Gpulling manifest [K
pulling e796792eba26:  14% ▕██                ▏ 2.4 GB/ 17 GB  857 MB/s     17s[K[?25h[?2026l[?2026h[?25l[A[1Gpulling manifest [K
pulling e796792eba26:  14% ▕██                ▏ 2.5 GB/ 17 GB  857 MB/s     17s[K[?25h[?2026l[?2026h[?25l[A[1Gpulling manifest [K
pulling e796792eba26:  15% ▕██                ▏ 2.6 GB/ 17 GB  863 MB/s     17s[K[?25h[?2026l[?2026h[?25l[A[1Gpulling manifest [K
pulling e796792eba26:  15% ▕██                ▏ 2.7 GB/ 17 GB  863 MB/s     17s[K[?25h[?2026l[?2026h[?25l[A[1Gpulling manifest [K
pulling e796792eba26:  16% ▕██                ▏ 2.7 GB/ 17 GB  863 MB/s     16s[K[?25h[?2026l[?2026h[?25l[A[1Gpulling manifest [K
pulling e796792eba26:  16% ▕██                ▏ 2.8 GB/ 17 GB  863 MB/s     16s[K[?25h[?2026l[?2026h[?25l[A[1Gpulling manifest [K
pulling e796792eba26:  17% ▕███               ▏ 2.9 GB/ 17 GB  863 MB/s     16s[K[?25h[?2026l[?2026h[?25l[A[1Gpulling manifest [K
pulling e796792eba26:  17% ▕███               ▏ 2.9 GB/ 17 GB  863 MB/s     16s[K[?25h[?2026l[?2026h[?25l[A[1Gpulling manifest [K
pulling e796792eba26:  17% ▕███               ▏ 3.0 GB/ 17 GB  863 MB/s     16s[K[?25h[?2026l[?2026h[?25l[A[1Gpulling manifest [K
pulling e796792eba26:  18% ▕███               ▏ 3.2 GB/ 17 GB  863 MB/s     16s[K[?25h[?2026l[?2026h[?25l[A[1Gpulling manifest [K
pulling e796792eba26:  18% ▕███               ▏ 3.2 GB/ 17 GB  863 MB/s     16s[K[?25h[?2026l[?2026h[?25l[A[1Gpulling manifest [K
pulling e796792eba26:  19% ▕███               ▏ 3.3 GB/ 17 GB  863 MB/s     16s[K[?25h[?2026l[?2026h[?25l[A[1Gpulling manifest [K
pulling e796792eba26:  20% ▕███               ▏ 3.4 GB/ 17 GB  861 MB/s     16s[K[?25h[?2026l[?2026h[?25l[A[1Gpulling manifest [K
pulling e796792eba26:  20% ▕███               ▏ 3.5 GB/ 17 GB  861 MB/s     16s[K[?25h[?2026l[?2026h[?25l[A[1Gpulling manifest [K
pulling e796792eba26:  21% ▕███               ▏ 3.6 GB/ 17 GB  861 MB/s     15s[K[?25h[?2026l[?2026h[?25l[A[1Gpulling manifest [K
pulling e796792eba26:  22% ▕███               ▏ 3.7 GB/ 17 GB  861 MB/s     15s[K[?25h[?2026l[?2026h[?25l[A[1Gpulling manifest [K
pulling e796792eba26:  22% ▕███               ▏ 3.8 GB/ 17 GB  861 MB/s     15s[K[?25h[?2026l[?2026h[?25l[A[1Gpulling manifest [K
pulling e796792eba26:  23% ▕████              ▏ 3.9 GB/ 17 GB  861 MB/s     15s[K[?25h[?2026l[?2026h[?25l[A[1Gpulling manifest [K
pulling e796792eba26:  23% ▕████              ▏ 4.0 GB/ 17 GB  861 MB/s     15s[K[?25h[?2026l[?2026h[?25l[A[1Gpulling manifest [K
pulling e796792eba26:  23% ▕████              ▏ 4.1 GB/ 17 GB  861 MB/s     15s[K[?25h[?2026l[?2026h[?25l[A[1Gpulling manifest [K
pulling e796792eba26:  24% ▕████              ▏ 4.2 GB/ 17 GB  861 MB/s     15s[K[?25h[?2026l[?2026h[?25l[A[1Gpulling manifest [K
pulling e796792eba26:  25% ▕████              ▏ 4.3 GB/ 17 GB  861 MB/s     15s[K[?25h[?2026l[?2026h[?25l[A[1Gpulling manifest [K
pulling e796792eba26:  25% ▕████              ▏ 4.4 GB/ 17 GB  861 MB/s     15s[K[?25h[?2026l[?2026h[?25l[A[1Gpulling manifest [K
pulling e796792eba26:  26% ▕████              ▏ 4.5 GB/ 17 GB  890 MB/s     14s[K[?25h[?2026l[?2026h[?25l[A[1Gpulling manifest [K
pulling e796792eba26:  27% ▕████              ▏ 4.6 GB/ 17 GB  890 MB/s     14s[K[?25h[?2026l[?2026h[?25l[A[1Gpulling manifest [K
pulling e796792eba26:  27% ▕████              ▏ 4.7 GB/ 17 GB  890 MB/s     14s[K[?25h[?2026l[?2026h[?25l[A[1Gpulling manifest [K
pulling e796792eba26:  28% ▕████              ▏ 4.8 GB/ 17 GB  890 MB/s     14s[K[?25h[?2026l[?2026h[?25l[A[1Gpulling manifest [K
pulling e796792eba26:  28% ▕█████             ▏ 4.9 GB/ 17 GB  890 MB/s     14s[K[?25h[?2026l[?2026h[?25l[A[1Gpulling manifest [K
pulling e796792eba26:  28% ▕█████             ▏ 4.9 GB/ 17 GB  890 MB/s     14s[K[?25h[?2026l[?2026h[?25l[A[1Gpulling manifest [K
pulling e796792eba26:  29% ▕█████             ▏ 5.0 GB/ 17 GB  890 MB/s     13s[K[?25h[?2026l[?2026h[?25l[A[1Gpulling manifest [K
pulling e796792eba26:  29% ▕█████             ▏ 5.1 GB/ 17 GB  890 MB/s     13s[K[?25h[?2026l[?2026h[?25l[A[1Gpulling manifest [K
pulling e796792eba26:  29% ▕█████             ▏ 5.1 GB/ 17 GB  890 MB/s     13s[K[?25h[?2026l[?2026h[?25l[A[1Gpulling manifest [K
pulling e796792eba26:  30% ▕█████             ▏ 5.2 GB/ 17 GB  890 MB/s     13s[K[?25h[?2026l[?2026h[?25l[A[1Gpulling manifest [K
pulling e796792eba26:  30% ▕█████             ▏ 5.3 GB/ 17 GB  876 MB/s     13s[K[?25h[?2026l[?2026h[?25l[A[1Gpulling manifest [K
pulling e796792eba26:  31% ▕█████             ▏ 5.3 GB/ 17 GB  876 MB/s     13s[K[?25h[?2026l[?2026h[?25l[A[1Gpulling manifest [K
pulling e796792eba26:  31% ▕█████             ▏ 5.4 GB/ 17 GB  876 MB/s     13s[K[?25h[?2026l[?2026h[?25l[A[1Gpulling manifest [K
pulling e796792eba26:  32% ▕█████             ▏ 5.5 GB/ 17 GB  876 MB/s     13s[K[?25h[?2026l[?2026h[?25l[A[1Gpulling manifest [K
pulling e796792eba26:  32% ▕█████             ▏ 5.5 GB/ 17 GB  876 MB/s     13s[K[?25h[?2026l[?2026h[?25l[A[1Gpulling manifest [K
pulling e796792eba26:  32% ▕█████             ▏ 5.6 GB/ 17 GB  876 MB/s     13s[K[?25h[?2026l[?2026h[?25l[A[1Gpulling manifest [K
pulling e796792eba26:  33% ▕█████             ▏ 5.7 GB/ 17 GB  876 MB/s     13s[K[?25h[?2026l[?2026h[?25l[A[1Gpulling manifest [K
pulling e796792eba26:  33% ▕█████             ▏ 5.8 GB/ 17 GB  876 MB/s     13s[K[?25h[?2026l[?2026h[?25l[A[1Gpulling manifest [K
pulling e796792eba26:  34% ▕██████            ▏ 5.9 GB/ 17 GB  876 MB/s     13s[K[?25h[?2026l[?2026h[?25l[A[1Gpulling manifest [K
pulling e796792eba26:  34% ▕██████            ▏ 6.0 GB/ 17 GB  876 MB/s     13s[K[?25h[?2026l[?2026h[?25l[A[1Gpulling manifest [K
pulling e796792eba26:  35% ▕██████            ▏ 6.1 GB/ 17 GB  864 MB/s     13s[K[?25h[?2026l[?2026h[?25l[A[1Gpulling manifest [K
pulling e796792eba26:  36% ▕██████            ▏ 6.2 GB/ 17 GB  864 MB/s     12s[K[?25h[?2026l[?2026h[?25l[A[1Gpulling manifest [K
pulling e796792eba26:  37% ▕██████            ▏ 6.4 GB/ 17 GB  864 MB/s     12s[K[?25h[?2026l[?2026h[?25l[A[1Gpulling manifest [K
pulling e796792eba26:  37% ▕██████            ▏ 6.4 GB/ 17 GB  864 MB/s     12s[K[?25h[?2026l[?2026h[?25l[A[1Gpulling manifest [K
pulling e796792eba26:  38% ▕██████            ▏ 6.5 GB/ 17 GB  864 MB/s     12s[K[?25h[?2026l[?2026h[?25l[A[1Gpulling manifest [K
pulling e796792eba26:  38% ▕██████            ▏ 6.7 GB/ 17 GB  864 MB/s     12s[K[?25h[?2026l[?2026h[?25l[A[1Gpulling manifest [K
pulling e796792eba26:  39% ▕██████            ▏ 6.7 GB/ 17 GB  864 MB/s     12s[K[?25h[?2026l[?2026h[?25l[A[1Gpulling manifest [K
pulling e796792eba26:  39% ▕███████           ▏ 6.8 GB/ 17 GB  864 MB/s     12s[K[?25h[?2026l[?2026h[?25l[A[1Gpulling manifest [K
pulling e796792eba26:  40% ▕███████           ▏ 6.9 GB/ 17 GB  864 MB/s     12s[K[?25h[?2026l[?2026h[?25l[A[1Gpulling manifest [K
pulling e796792eba26:  40% ▕███████           ▏ 7.0 GB/ 17 GB  864 MB/s     12s[K[?25h[?2026l[?2026h[?25l[A[1Gpulling manifest [K
pulling e796792eba26:  41% ▕███████           ▏ 7.1 GB/ 17 GB  881 MB/s     11s[K[?25h[?2026l[?2026h[?25l[A[1Gpulling manifest [K
pulling e796792eba26:  41% ▕███████           ▏ 7.1 GB/ 17 GB  881 MB/s     11s[K[?25h[?2026l[?2026h[?25l[A[1Gpulling manifest [K
pulling e796792eba26:  41% ▕███████           ▏ 7.2 GB/ 17 GB  881 MB/s     11s[K[?25h[?2026l[?2026h[?25l[A[1Gpulling manifest [K
pulling e796792eba26:  42% ▕███████           ▏ 7.2 GB/ 17 GB  881 MB/s     11s[K[?25h[?2026l[?2026h[?25l[A[1Gpulling manifest [K
pulling e796792eba26:  42% ▕███████           ▏ 7.3 GB/ 17 GB  881 MB/s     11s[K[?25h[?2026l[?2026h[?25l[A[1Gpulling manifest [K
pulling e796792eba26:  42% ▕███████           ▏ 7.4 GB/ 17 GB  881 MB/s     11s[K[?25h[?2026l[?2026h[?25l[A[1Gpulling manifest [K
pulling e796792eba26:  43% ▕███████           ▏ 7.5 GB/ 17 GB  881 MB/s     11s[K[?25h[?2026l[?2026h[?25l[A[1Gpulling manifest [K
pulling e796792eba26:  43% ▕███████           ▏ 7.6 GB/ 17 GB  881 MB/s     11s[K[?25h[?2026l[?2026h[?25l[A[1Gpulling manifest [K
pulling e796792eba26:  44% ▕███████           ▏ 7.6 GB/ 17 GB  881 MB/s     11s[K[?25h[?2026l[?2026h[?25l[A[1Gpulling manifest [K
pulling e796792eba26:  44% ▕███████           ▏ 7.7 GB/ 17 GB  881 MB/s     11s[K[?25h[?2026l[?2026h[?25l[A[1Gpulling manifest [K
pulling e796792eba26:  45% ▕████████          ▏ 7.8 GB/ 17 GB  862 MB/s     11s[K[?25h[?2026l[?2026h[?25l[A[1Gpulling manifest [K
pulling e796792eba26:  45% ▕████████          ▏ 7.8 GB/ 17 GB  862 MB/s     11s[K[?25h[?2026l[?2026h[?25l[A[1Gpulling manifest [K
pulling e796792eba26:  45% ▕████████          ▏ 7.9 GB/ 17 GB  862 MB/s     11s[K[?25h[?2026l[?2026h[?25l[A[1Gpulling manifest [K
pulling e796792eba26:  46% ▕████████          ▏ 8.0 GB/ 17 GB  862 MB/s     10s[K[?25h[?2026l[?2026h[?25l[A[1Gpulling manifest [K
pulling e796792eba26:  46% ▕████████          ▏ 8.0 GB/ 17 GB  862 MB/s     10s[K[?25h[?2026l[?2026h[?25l[A[1Gpulling manifest [K
pulling e796792eba26:  47% ▕████████          ▏ 8.2 GB/ 17 GB  862 MB/s     10s[K[?25h[?2026l[?2026h[?25l[A[1Gpulling manifest [K
pulling e796792eba26:  47% ▕████████          ▏ 8.3 GB/ 17 GB  862 MB/s     10s[K[?25h[?2026l[?2026h[?25l[A[1Gpulling manifest [K
pulling e796792eba26:  48% ▕████████          ▏ 8.3 GB/ 17 GB  862 MB/s     10s[K[?25h[?2026l[?2026h[?25l[A[1Gpulling manifest [K
pulling e796792eba26:  48% ▕████████          ▏ 8.4 GB/ 17 GB  862 MB/s     10s[K[?25h[?2026l[?2026h[?25l[A[1Gpulling manifest [K
pulling e796792eba26:  49% ▕████████          ▏ 8.5 GB/ 17 GB  862 MB/s     10s[K[?25h[?2026l[?2026h[?25l[A[1Gpulling manifest [K
pulling e796792eba26:  49% ▕████████          ▏ 8.5 GB/ 17 GB  862 MB/s     10s[K[?25h[?2026l[?2026h[?25l[A[1Gpulling manifest [K
pulling e796792eba26:  50% ▕████████          ▏ 8.7 GB/ 17 GB  874 MB/s      9s[K[?25h[?2026l[?2026h[?25l[A[1Gpulling manifest [K
pulling e796792eba26:  50% ▕█████████         ▏ 8.7 GB/ 17 GB  874 MB/s      9s[K[?25h[?2026l[?2026h[?25l[A[1Gpulling manifest [K
pulling e796792eba26:  50% ▕█████████         ▏ 8.7 GB/ 17 GB  874 MB/s      9s[K[?25h[?2026l[?2026h[?25l[A[1Gpulling manifest [K
pulling e796792eba26:  51% ▕█████████         ▏ 8.9 GB/ 17 GB  874 MB/s      9s[K[?25h[?2026l[?2026h[?25l[A[1Gpulling manifest [K
pulling e796792eba26:  51% ▕█████████         ▏ 8.9 GB/ 17 GB  874 MB/s      9s[K[?25h[?2026l[?2026h[?25l[A[1Gpulling manifest [K
pulling e796792eba26:  51% ▕█████████         ▏ 9.0 GB/ 17 GB  874 MB/s      9s[K[?25h[?2026l[?2026h[?25l[A[1Gpulling manifest [K
pulling e796792eba26:  52% ▕█████████         ▏ 9.0 GB/ 17 GB  874 MB/s      9s[K[?25h[?2026l[?2026h[?25l[A[1Gpulling manifest [K
pulling e796792eba26:  52% ▕█████████         ▏ 9.1 GB/ 17 GB  874 MB/s      9s[K[?25h[?2026l[?2026h[?25l[A[1Gpulling manifest [K
pulling e796792eba26:  52% ▕█████████         ▏ 9.1 GB/ 17 GB  874 MB/s      9s[K[?25h[?2026l[?2026h[?25l[A[1Gpulling manifest [K
pulling e796792eba26:  53% ▕█████████         ▏ 9.2 GB/ 17 GB  874 MB/s      9s[K[?25h[?2026l[?2026h[?25l[A[1Gpulling manifest [K
pulling e796792eba26:  53% ▕█████████         ▏ 9.2 GB/ 17 GB  829 MB/s      9s[K[?25h[?2026l[?2026h[?25l[A[1Gpulling manifest [K
pulling e796792eba26:  53% ▕█████████         ▏ 9.2 GB/ 17 GB  829 MB/s      9s[K[?25h[?2026l[?2026h[?25l[A[1Gpulling manifest [K
pulling e796792eba26:  54% ▕█████████         ▏ 9.3 GB/ 17 GB  829 MB/s      9s[K[?25h[?2026l[?2026h[?25l[A[1Gpulling manifest [K
pulling e796792eba26:  54% ▕█████████         ▏ 9.4 GB/ 17 GB  829 MB/s      9s[K[?25h[?2026l[?2026h[?25l[A[1Gpulling manifest [K
pulling e796792eba26:  54% ▕█████████         ▏ 9.4 GB/ 17 GB  829 MB/s      9s[K[?25h[?2026l[?2026h[?25l[A[1Gpulling manifest [K
pulling e796792eba26:  55% ▕█████████         ▏ 9.5 GB/ 17 GB  829 MB/s      9s[K[?25h[?2026l[?2026h[?25l[A[1Gpulling manifest [K
pulling e796792eba26:  55% ▕█████████         ▏ 9.5 GB/ 17 GB  829 MB/s      9s[K[?25h[?2026l[?2026h[?25l[A[1Gpulling manifest [K
pulling e796792eba26:  55% ▕█████████         ▏ 9.6 GB/ 17 GB  829 MB/s      9s[K[?25h[?2026l[?2026h[?25l[A[1Gpulling manifest [K
pulling e796792eba26:  55% ▕█████████         ▏ 9.6 GB/ 17 GB  829 MB/s      9s[K[?25h[?2026l[?2026h[?25l[A[1Gpulling manifest [K
pulling e796792eba26:  56% ▕██████████        ▏ 9.7 GB/ 17 GB  829 MB/s      9s[K[?25h[?2026l[?2026h[?25l[A[1Gpulling manifest [K
pulling e796792eba26:  56% ▕██████████        ▏ 9.7 GB/ 17 GB  791 MB/s      9s[K[?25h[?2026l[?2026h[?25l[A[1Gpulling manifest [K
pulling e796792eba26:  56% ▕██████████        ▏ 9.8 GB/ 17 GB  791 MB/s      9s[K[?25h[?2026l[?2026h[?25l[A[1Gpulling manifest [K
pulling e796792eba26:  57% ▕██████████        ▏ 9.8 GB/ 17 GB  791 MB/s      9s[K[?25h[?2026l[?2026h[?25l[A[1Gpulling manifest [K
pulling e796792eba26:  57% ▕██████████        ▏ 9.9 GB/ 17 GB  791 MB/s      9s[K[?25h[?2026l[?2026h[?25l[A[1Gpulling manifest [K
pulling e796792eba26:  57% ▕██████████        ▏ 9.9 GB/ 17 GB  791 MB/s      9s[K[?25h[?2026l[?2026h[?25l[A[1Gpulling manifest [K
pulling e796792eba26:  58% ▕██████████        ▏  10 GB/ 17 GB  791 MB/s      9s[K[?25h[?2026l[?2026h[?25l[A[1Gpulling manifest [K
pulling e796792eba26:  58% ▕██████████        ▏  10 GB/ 17 GB  791 MB/s      9s[K[?25h[?2026l[?2026h[?25l[A[1Gpulling manifest [K
pulling e796792eba26:  58% ▕██████████        ▏  10 GB/ 17 GB  791 MB/s      9s[K[?25h[?2026l[?2026h[?25l[A[1Gpulling manifest [K
pulling e796792eba26:  59% ▕██████████        ▏  10 GB/ 17 GB  791 MB/s      9s[K[?25h[?2026l[?2026h[?25l[A[1Gpulling manifest [K
pulling e796792eba26:  59% ▕██████████        ▏  10 GB/ 17 GB  791 MB/s      9s[K[?25h[?2026l[?2026h[?25l[A[1Gpulling manifest [K
pulling e796792eba26:  59% ▕██████████        ▏  10 GB/ 17 GB  764 MB/s      9s[K[?25h[?2026l[?2026h[?25l[A[1Gpulling manifest [K
pulling e796792eba26:  60% ▕██████████        ▏  10 GB/ 17 GB  764 MB/s      9s[K[?25h[?2026l[?2026h[?25l[A[1Gpulling manifest [K
pulling e796792eba26:  60% ▕██████████        ▏  10 GB/ 17 GB  764 MB/s      9s[K[?25h[?2026l[?2026h[?25l[A[1Gpulling manifest [K
pulling e796792eba26:  60% ▕██████████        ▏  10 GB/ 17 GB  764 MB/s      8s[K[?25h[?2026l[?2026h[?25l[A[1Gpulling manifest [K
pulling e796792eba26:  61% ▕███████████       ▏  10 GB/ 17 GB  764 MB/s      8s[K[?25h[?2026l[?2026h[?25l[A[1Gpulling manifest [K
pulling e796792eba26:  61% ▕███████████       ▏  10 GB/ 17 GB  764 MB/s      8s[K[?25h[?2026l[?2026h[?25l[A[1Gpulling manifest [K
pulling e796792eba26:  62% ▕███████████       ▏  10 GB/ 17 GB  764 MB/s      8s[K[?25h[?2026l[?2026h[?25l[A[1Gpulling manifest [K
pulling e796792eba26:  62% ▕███████████       ▏  10 GB/ 17 GB  764 MB/s      8s[K[?25h[?2026l[?2026h[?25l[A[1Gpulling manifest [K
pulling e796792eba26:  63% ▕███████████       ▏  10 GB/ 17 GB  764 MB/s      8s[K[?25h[?2026l[?2026h[?25l[A[1Gpulling manifest [K
pulling e796792eba26:  63% ▕███████████       ▏  10 GB/ 17 GB  764 MB/s      8s[K[?25h[?2026l[?2026h[?25l[A[1Gpulling manifest [K
pulling e796792eba26:  64% ▕███████████       ▏  11 GB/ 17 GB  735 MB/s      8s[K[?25h[?2026l[?2026h[?25l[A[1Gpulling manifest [K
pulling e796792eba26:  64% ▕███████████       ▏  11 GB/ 17 GB  735 MB/s      8s[K[?25h[?2026l[?2026h[?25l[A[1Gpulling manifest [K
pulling e796792eba26:  64% ▕███████████       ▏  11 GB/ 17 GB  735 MB/s      8s[K[?25h[?2026l[?2026h[?25l[A[1Gpulling manifest [K
pulling e796792eba26:  65% ▕███████████       ▏  11 GB/ 17 GB  735 MB/s      8s[K[?25h[?2026l[?2026h[?25l[A[1Gpulling manifest [K
pulling e796792eba26:  65% ▕███████████       ▏  11 GB/ 17 GB  735 MB/s      8s[K[?25h[?2026l[?2026h[?25l[A[1Gpulling manifest [K
pulling e796792eba26:  66% ▕███████████       ▏  11 GB/ 17 GB  735 MB/s      8s[K[?25h[?2026l[?2026h[?25l[A[1Gpulling manifest [K
pulling e796792eba26:  66% ▕███████████       ▏  11 GB/ 17 GB  735 MB/s      7s[K[?25h[?2026l[?2026h[?25l[A[1Gpulling manifest [K
pulling e796792eba26:  66% ▕███████████       ▏  11 GB/ 17 GB  735 MB/s      7s[K[?25h[?2026l[?2026h[?25l[A[1Gpulling manifest [K
pulling e796792eba26:  67% ▕████████████      ▏  11 GB/ 17 GB  735 MB/s      7s[K[?25h[?2026l[?2026h[?25l[A[1Gpulling manifest [K
pulling e796792eba26:  67% ▕████████████      ▏  11 GB/ 17 GB  735 MB/s      7s[K[?25h[?2026l[?2026h[?25l[A[1Gpulling manifest [K
pulling e796792eba26:  68% ▕████████████      ▏  11 GB/ 17 GB  735 MB/s      7s[K[?25h[?2026l[?2026h[?25l[A[1Gpulling manifest [K
pulling e796792eba26:  68% ▕████████████      ▏  11 GB/ 17 GB  726 MB/s      7s[K[?25h[?2026l[?2026h[?25l[A[1Gpulling manifest [K
pulling e796792eba26:  69% ▕████████████      ▏  11 GB/ 17 GB  726 MB/s      7s[K[?25h[?2026l[?2026h[?25l[A[1Gpulling manifest [K
pulling e796792eba26:  69% ▕████████████      ▏  11 GB/ 17 GB  726 MB/s      7s[K[?25h[?2026l[?2026h[?25l[A[1Gpulling manifest [K
pulling e796792eba26:  70% ▕████████████      ▏  12 GB/ 17 GB  726 MB/s      7s[K[?25h[?2026l[?2026h[?25l[A[1Gpulling manifest [K
pulling e796792eba26:  70% ▕████████████      ▏  12 GB/ 17 GB  726 MB/s      7s[K[?25h[?2026l[?2026h[?25l[A[1Gpulling manifest [K
pulling e796792eba26:  70% ▕████████████      ▏  12 GB/ 17 GB  726 MB/s      7s[K[?25h[?2026l[?2026h[?25l[A[1Gpulling manifest [K
pulling e796792eba26:  71% ▕████████████      ▏  12 GB/ 17 GB  726 MB/s      6s[K[?25h[?2026l[?2026h[?25l[A[1Gpulling manifest [K
pulling e796792eba26:  71% ▕████████████      ▏  12 GB/ 17 GB  726 MB/s      6s[K[?25h[?2026l[?2026h[?25l[A[1Gpulling manifest [K
pulling e796792eba26:  72% ▕████████████      ▏  12 GB/ 17 GB  726 MB/s      6s[K[?25h[?2026l[?2026h[?25l[A[1Gpulling manifest [K
pulling e796792eba26:  72% ▕████████████      ▏  12 GB/ 17 GB  726 MB/s      6s[K[?25h[?2026l[?2026h[?25l[A[1Gpulling manifest [K
pulling e796792eba26:  73% ▕█████████████     ▏  12 GB/ 17 GB  725 MB/s      6s[K[?25h[?2026l[?2026h[?25l[A[1Gpulling manifest [K
pulling e796792eba26:  73% ▕█████████████     ▏  12 GB/ 17 GB  725 MB/s      6s[K[?25h[?2026l[?2026h[?25l[A[1Gpulling manifest [K
pulling e796792eba26:  73% ▕█████████████     ▏  12 GB/ 17 GB  725 MB/s      6s[K[?25h[?2026l[?2026h[?25l[A[1Gpulling manifest [K
pulling e796792eba26:  74% ▕█████████████     ▏  12 GB/ 17 GB  725 MB/s      6s[K[?25h[?2026l[?2026h[?25l[A[1Gpulling manifest [K
pulling e796792eba26:  74% ▕█████████████     ▏  12 GB/ 17 GB  725 MB/s      6s[K[?25h[?2026l[?2026h[?25l[A[1Gpulling manifest [K
pulling e796792eba26:  75% ▕█████████████     ▏  12 GB/ 17 GB  725 MB/s      6s[K[?25h[?2026l[?2026h[?25l[A[1Gpulling manifest [K
pulling e796792eba26:  75% ▕█████████████     ▏  13 GB/ 17 GB  725 MB/s      5s[K[?25h[?2026l[?2026h[?25l[A[1Gpulling manifest [K
pulling e796792eba26:  75% ▕█████████████     ▏  13 GB/ 17 GB  725 MB/s      5s[K[?25h[?2026l[?2026h[?25l[A[1Gpulling manifest [K
pulling e796792eba26:  76% ▕█████████████     ▏  13 GB/ 17 GB  725 MB/s      5s[K[?25h[?2026l[?2026h[?25l[A[1Gpulling manifest [K
pulling e796792eba26:  77% ▕█████████████     ▏  13 GB/ 17 GB  725 MB/s      5s[K[?25h[?2026l[?2026h[?25l[A[1Gpulling manifest [K
pulling e796792eba26:  77% ▕█████████████     ▏  13 GB/ 17 GB  701 MB/s      5s[K[?25h[?2026l[?2026h[?25l[A[1Gpulling manifest [K
pulling e796792eba26:  77% ▕█████████████     ▏  13 GB/ 17 GB  701 MB/s      5s[K[?25h[?2026l[?2026h[?25l[A[1Gpulling manifest [K
pulling e796792eba26:  78% ▕██████████████    ▏  13 GB/ 17 GB  701 MB/s      5s[K[?25h[?2026l[?2026h[?25l[A[1Gpulling manifest [K
pulling e796792eba26:  78% ▕██████████████    ▏  13 GB/ 17 GB  701 MB/s      5s[K[?25h[?2026l[?2026h[?25l[A[1Gpulling manifest [K
pulling e796792eba26:  79% ▕██████████████    ▏  13 GB/ 17 GB  701 MB/s      5s[K[?25h[?2026l[?2026h[?25l[A[1Gpulling manifest [K
pulling e796792eba26:  79% ▕██████████████    ▏  13 GB/ 17 GB  701 MB/s      5s[K[?25h[?2026l[?2026h[?25l[A[1Gpulling manifest [K
pulling e796792eba26:  80% ▕██████████████    ▏  13 GB/ 17 GB  701 MB/s      5s[K[?25h[?2026l[?2026h[?25l[A[1Gpulling manifest [K
pulling e796792eba26:  80% ▕██████████████    ▏  13 GB/ 17 GB  701 MB/s      4s[K[?25h[?2026l[?2026h[?25l[A[1Gpulling manifest [K
pulling e796792eba26:  81% ▕██████████████    ▏  14 GB/ 17 GB  701 MB/s      4s[K[?25h[?2026l[?2026h[?25l[A[1Gpulling manifest [K
pulling e796792eba26:  81% ▕██████████████    ▏  14 GB/ 17 GB  701 MB/s      4s[K[?25h[?2026l[?2026h[?25l[A[1Gpulling manifest [K
pulling e796792eba26:  82% ▕██████████████    ▏  14 GB/ 17 GB  721 MB/s      4s[K[?25h[?2026l[?2026h[?25l[A[1Gpulling manifest [K
pulling e796792eba26:  83% ▕██████████████    ▏  14 GB/ 17 GB  721 MB/s      4s[K[?25h[?2026l[?2026h[?25l[A[1Gpulling manifest [K
pulling e796792eba26:  83% ▕██████████████    ▏  14 GB/ 17 GB  721 MB/s      4s[K[?25h[?2026l[?2026h[?25l[A[1Gpulling manifest [K
pulling e796792eba26:  83% ▕██████████████    ▏  14 GB/ 17 GB  721 MB/s      4s[K[?25h[?2026l[?2026h[?25l[A[1Gpulling manifest [K
pulling e796792eba26:  84% ▕███████████████   ▏  14 GB/ 17 GB  721 MB/s      3s[K[?25h[?2026l[?2026h[?25l[A[1Gpulling manifest [K
pulling e796792eba26:  84% ▕███████████████   ▏  14 GB/ 17 GB  721 MB/s      3s[K[?25h[?2026l[?2026h[?25l[A[1Gpulling manifest [K
pulling e796792eba26:  85% ▕███████████████   ▏  14 GB/ 17 GB  721 MB/s      3s[K[?25h[?2026l[?2026h[?25l[A[1Gpulling manifest [K
pulling e796792eba26:  85% ▕███████████████   ▏  14 GB/ 17 GB  721 MB/s      3s[K[?25h[?2026l[?2026h[?25l[A[1Gpulling manifest [K
pulling e796792eba26:  85% ▕███████████████   ▏  14 GB/ 17 GB  721 MB/s      3s[K[?25h[?2026l[?2026h[?25l[A[1Gpulling manifest [K
pulling e796792eba26:  86% ▕███████████████   ▏  14 GB/ 17 GB  721 MB/s      3s[K[?25h[?2026l[?2026h[?25l[A[1Gpulling manifest [K
pulling e796792eba26:  86% ▕███████████████   ▏  14 GB/ 17 GB  709 MB/s      3s[K[?25h[?2026l[?2026h[?25l[A[1Gpulling manifest [K
pulling e796792eba26:  86% ▕███████████████   ▏  15 GB/ 17 GB  709 MB/s      3s[K[?25h[?2026l[?2026h[?25l[A[1Gpulling manifest [K
pulling e796792eba26:  87% ▕███████████████   ▏  15 GB/ 17 GB  709 MB/s      3s[K[?25h[?2026l[?2026h[?25l[A[1Gpulling manifest [K
pulling e796792eba26:  87% ▕███████████████   ▏  15 GB/ 17 GB  709 MB/s      3s[K[?25h[?2026l[?2026h[?25l[A[1Gpulling manifest [K
pulling e796792eba26:  87% ▕███████████████   ▏  15 GB/ 17 GB  709 MB/s      3s[K[?25h[?2026l[?2026h[?25l[A[1Gpulling manifest [K
pulling e796792eba26:  88% ▕███████████████   ▏  15 GB/ 17 GB  709 MB/s      3s[K[?25h[?2026l[?2026h[?25l[A[1Gpulling manifest [K
pulling e796792eba26:  88% ▕███████████████   ▏  15 GB/ 17 GB  709 MB/s      2s[K[?25h[?2026l[?2026h[?25l[A[1Gpulling manifest [K
pulling e796792eba26:  88% ▕███████████████   ▏  15 GB/ 17 GB  709 MB/s      2s[K[?25h[?2026l[?2026h[?25l[A[1Gpulling manifest [K
pulling e796792eba26:  89% ▕███████████████   ▏  15 GB/ 17 GB  709 MB/s      2s[K[?25h[?2026l[?2026h[?25l[A[1Gpulling manifest [K
pulling e796792eba26:  89% ▕████████████████  ▏  15 GB/ 17 GB  709 MB/s      2s[K[?25h[?2026l[?2026h[?25l[A[1Gpulling manifest [K
pulling e796792eba26:  89% ▕████████████████  ▏  15 GB/ 17 GB  709 MB/s      2s[K[?25h[?2026l[?2026h[?25l[A[1Gpulling manifest [K
pulling e796792eba26:  90% ▕████████████████  ▏  15 GB/ 17 GB  711 MB/s      2s[K[?25h[?2026l[?2026h[?25l[A[1Gpulling manifest [K
pulling e796792eba26:  90% ▕████████████████  ▏  15 GB/ 17 GB  711 MB/s      2s[K[?25h[?2026l[?2026h[?25l[A[1Gpulling manifest [K
pulling e796792eba26:  91% ▕████████████████  ▏  15 GB/ 17 GB  711 MB/s      2s[K[?25h[?2026l[?2026h[?25l[A[1Gpulling manifest [K
pulling e796792eba26:  91% ▕████████████████  ▏  15 GB/ 17 GB  711 MB/s      2s[K[?25h[?2026l[?2026h[?25l[A[1Gpulling manifest [K
pulling e796792eba26:  92% ▕████████████████  ▏  15 GB/ 17 GB  711 MB/s      2s[K[?25h[?2026l[?2026h[?25l[A[1Gpulling manifest [K
pulling e796792eba26:  92% ▕████████████████  ▏  15 GB/ 17 GB  711 MB/s      1s[K[?25h[?2026l[?2026h[?25l[A[1Gpulling manifest [K
pulling e796792eba26:  92% ▕████████████████  ▏  16 GB/ 17 GB  711 MB/s      1s[K[?25h[?2026l[?2026h[?25l[A[1Gpulling manifest [K
pulling e796792eba26:  93% ▕████████████████  ▏  16 GB/ 17 GB  711 MB/s      1s[K[?25h[?2026l[?2026h[?25l[A[1Gpulling manifest [K
pulling e796792eba26:  93% ▕████████████████  ▏  16 GB/ 17 GB  711 MB/s      1s[K[?25h[?2026l[?2026h[?25l[A[1Gpulling manifest [K
pulling e796792eba26:  94% ▕████████████████  ▏  16 GB/ 17 GB  711 MB/s      1s[K[?25h[?2026l[?2026h[?25l[A[1Gpulling manifest [K
pulling e796792eba26:  94% ▕████████████████  ▏  16 GB/ 17 GB  732 MB/s      1s[K[?25h[?2026l[?2026h[?25l[A[1Gpulling manifest [K
pulling e796792eba26:  94% ▕████████████████  ▏  16 GB/ 17 GB  732 MB/s      1s[K[?25h[?2026l[?2026h[?25l[A[1Gpulling manifest [K
pulling e796792eba26:  94% ▕████████████████  ▏  16 GB/ 17 GB  732 MB/s      1s[K[?25h[?2026l[?2026h[?25l[A[1Gpulling manifest [K
pulling e796792eba26:  95% ▕█████████████████ ▏  16 GB/ 17 GB  732 MB/s      1s[K[?25h[?2026l[?2026h[?25l[A[1Gpulling manifest [K
pulling e796792eba26:  95% ▕█████████████████ ▏  16 GB/ 17 GB  732 MB/s      1s[K[?25h[?2026l[?2026h[?25l[A[1Gpulling manifest [K
pulling e796792eba26:  95% ▕█████████████████ ▏  16 GB/ 17 GB  732 MB/s      1s[K[?25h[?2026l[?2026h[?25l[A[1Gpulling manifest [K
pulling e796792eba26:  95% ▕█████████████████ ▏  16 GB/ 17 GB  732 MB/s      1s[K[?25h[?2026l[?2026h[?25l[A[1Gpulling manifest [K
pulling e796792eba26:  96% ▕█████████████████ ▏  16 GB/ 17 GB  732 MB/s      1s[K[?25h[?2026l[?2026h[?25l[A[1Gpulling manifest [K
pulling e796792eba26:  96% ▕█████████████████ ▏  16 GB/ 17 GB  732 MB/s      0s[K[?25h[?2026l[?2026h[?25l[A[1Gpulling manifest [K
pulling e796792eba26:  96% ▕█████████████████ ▏  16 GB/ 17 GB  732 MB/s      0s[K[?25h[?2026l[?2026h[?25l[A[1Gpulling manifest [K
pulling e796792eba26:  96% ▕█████████████████ ▏  16 GB/ 17 GB  713 MB/s      0s[K[?25h[?2026l[?2026h[?25l[A[1Gpulling manifest [K
pulling e796792eba26:  97% ▕█████████████████ ▏  16 GB/ 17 GB  713 MB/s      0s[K[?25h[?2026l[?2026h[?25l[A[1Gpulling manifest [K
pulling e796792eba26:  97% ▕█████████████████ ▏  16 GB/ 17 GB  713 MB/s      0s[K[?25h[?2026l[?2026h[?25l[A[1Gpulling manifest [K
pulling e796792eba26:  97% ▕█████████████████ ▏  16 GB/ 17 GB  713 MB/s      0s[K[?25h[?2026l[?2026h[?25l[A[1Gpulling manifest [K
pulling e796792eba26:  97% ▕█████████████████ ▏  16 GB/ 17 GB  713 MB/s      0s[K[?25h[?2026l[?2026h[?25l[A[1Gpulling manifest [K
pulling e796792eba26:  97% ▕█████████████████ ▏  16 GB/ 17 GB  713 MB/s      0s[K[?25h[?2026l[?2026h[?25l[A[1Gpulling manifest [K
pulling e796792eba26:  97% ▕█████████████████ ▏  16 GB/ 17 GB  713 MB/s      0s[K[?25h[?2026l[?2026h[?25l[A[1Gpulling manifest [K
pulling e796792eba26:  97% ▕█████████████████ ▏  16 GB/ 17 GB  713 MB/s      0s[K[?25h[?2026l[?2026h[?25l[A[1Gpulling manifest [K
pulling e796792eba26:  97% ▕█████████████████ ▏  16 GB/ 17 GB  713 MB/s      0s[K[?25h[?2026l[?2026h[?25l[A[1Gpulling manifest [K
pulling e796792eba26:  97% ▕█████████████████ ▏  16 GB/ 17 GB  713 MB/s      0s[K[?25h[?2026l[?2026h[?25l[A[1Gpulling manifest [K
pulling e796792eba26:  98% ▕█████████████████ ▏  16 GB/ 17 GB  655 MB/s      0s[K[?25h[?2026l[?2026h[?25l[A[1Gpulling manifest [K
pulling e796792eba26:  98% ▕█████████████████ ▏  16 GB/ 17 GB  655 MB/s      0s[K[?25h[?2026l[?2026h[?25l[A[1Gpulling manifest [K
pulling e796792eba26:  98% ▕█████████████████ ▏  17 GB/ 17 GB  655 MB/s      0s[K[?25h[?2026l[?2026h[?25l[A[1Gpulling manifest [K
pulling e796792eba26:  98% ▕█████████████████ ▏  17 GB/ 17 GB  655 MB/s      0s[K[?25h[?2026l[?2026h[?25l[A[1Gpulling manifest [K
pulling e796792eba26:  98% ▕█████████████████ ▏  17 GB/ 17 GB  655 MB/s      0s[K[?25h[?2026l[?2026h[?25l[A[1Gpulling manifest [K
pulling e796792eba26:  98% ▕█████████████████ ▏  17 GB/ 17 GB  655 MB/s      0s[K[?25h[?2026l[?2026h[?25l[A[1Gpulling manifest [K
pulling e796792eba26:  98% ▕█████████████████ ▏  17 GB/ 17 GB  655 MB/s      0s[K[?25h[?2026l[?2026h[?25l[A[1Gpulling manifest [K
pulling e796792eba26:  98% ▕█████████████████ ▏  17 GB/ 17 GB  655 MB/s      0s[K[?25h[?2026l[?2026h[?25l[A[1Gpulling manifest [K
pulling e796792eba26:  98% ▕█████████████████ ▏  17 GB/ 17 GB  655 MB/s      0s[K[?25h[?2026l[?2026h[?25l[A[1Gpulling manifest [K
pulling e796792eba26:  99% ▕█████████████████ ▏  17 GB/ 17 GB  655 MB/s      0s[K[?25h[?2026l[?2026h[?25l[A[1Gpulling manifest [K
pulling e796792eba26:  99% ▕█████████████████ ▏  17 GB/ 17 GB  597 MB/s      0s[K[?25h[?2026l[?2026h[?25l[A[1Gpulling manifest [K
pulling e796792eba26:  99% ▕█████████████████ ▏  17 GB/ 17 GB  597 MB/s      0s[K[?25h[?2026l[?2026h[?25l[A[1Gpulling manifest [K
pulling e796792eba26:  99% ▕█████████████████ ▏  17 GB/ 17 GB  597 MB/s      0s[K[?25h[?2026l[?2026h[?25l[A[1Gpulling manifest [K
pulling e796792eba26:  99% ▕█████████████████ ▏  17 GB/ 17 GB  597 MB/s      0s[K[?25h[?2026l[?2026h[?25l[A[1Gpulling manifest [K
pulling e796792eba26:  99% ▕█████████████████ ▏  17 GB/ 17 GB  597 MB/s      0s[K[?25h[?2026l[?2026h[?25l[A[1Gpulling manifest [K
pulling e796792eba26:  99% ▕█████████████████ ▏  17 GB/ 17 GB  597 MB/s      0s[K[?25h[?2026l[?2026h[?25l[A[1Gpulling manifest [K
pulling e796792eba26:  99% ▕█████████████████ ▏  17 GB/ 17 GB  597 MB/s      0s[K[?25h[?2026l[?2026h[?25l[A[1Gpulling manifest [K
pulling e796792eba26:  99% ▕█████████████████ ▏  17 GB/ 17 GB  597 MB/s      0s[K[?25h[?2026l[?2026h[?25l[A[1Gpulling manifest [K
pulling e796792eba26:  99% ▕█████████████████ ▏  17 GB/ 17 GB  597 MB/s      0s[K[?25h[?2026l[?2026h[?25l[A[1Gpulling manifest [K
pulling e796792eba26:  99% ▕█████████████████ ▏  17 GB/ 17 GB  597 MB/s      0s[K[?25h[?2026l[?2026h[?25l[A[1Gpulling manifest [K
pulling e796792eba26:  99% ▕█████████████████ ▏  17 GB/ 17 GB  597 MB/s      0s[K[?25h[?2026l[?2026h[?25l[A[1Gpulling manifest [K
pulling e796792eba26:  99% ▕█████████████████ ▏  17 GB/ 17 GB  521 MB/s      0s[K[?25h[?2026l[?2026h[?25l[A[1Gpulling manifest [K
pulling e796792eba26:  99% ▕█████████████████ ▏  17 GB/ 17 GB  521 MB/s      0s[K[?25h[?2026l[?2026h[?25l[A[1Gpulling manifest [K
pulling e796792eba26:  99% ▕█████████████████ ▏  17 GB/ 17 GB  521 MB/s      0s[K[?25h[?2026l[?2026h[?25l[A[1Gpulling manifest [K
pulling e796792eba26: 100% ▕█████████████████ ▏  17 GB/ 17 GB  521 MB/s      0s[K[?25h[?2026l[?2026h[?25l[A[1Gpulling manifest [K
pulling e796792eba26: 100% ▕█████████████████ ▏  17 GB/ 17 GB  521 MB/s      0s[K[?25h[?2026l[?2026h[?25l[A[1Gpulling manifest [K
pulling e796792eba26: 100% ▕█████████████████ ▏  17 GB/ 17 GB  521 MB/s      0s[K[?25h[?2026l[?2026h[?25l[A[1Gpulling manifest [K
pulling e796792eba26: 100% ▕█████████████████ ▏  17 GB/ 17 GB  521 MB/s      0s[K[?25h[?2026l[?2026h[?25l[A[1Gpulling manifest [K
pulling e796792eba26: 100% ▕█████████████████ ▏  17 GB/ 17 GB  521 MB/s      0s[K[?25h[?2026l[?2026h[?25l[A[1Gpulling manifest [K
pulling e796792eba26: 100% ▕█████████████████ ▏  17 GB/ 17 GB  521 MB/s      0s[K[?25h[?2026l[?2026h[?25l[A[1Gpulling manifest [K
pulling e796792eba26: 100% ▕█████████████████ ▏  17 GB/ 17 GB  521 MB/s      0s[K[?25h[?2026l[?2026h[?25l[A[1Gpulling manifest [K
pulling e796792eba26: 100% ▕█████████████████ ▏  17 GB/ 17 GB  447 MB/s      0s[K[?25h[?2026l[?2026h[?25l[A[1Gpulling manifest [K
pulling e796792eba26: 100% ▕█████████████████ ▏  17 GB/ 17 GB  447 MB/s      0s[K[?25h[?2026l[?2026h[?25l[A[1Gpulling manifest [K
pulling e796792eba26: 100% ▕█████████████████ ▏  17 GB/ 17 GB  447 MB/s      0s[K[?25h[?2026l[?2026h[?25l[A[1Gpulling manifest [K
pulling e796792eba26: 100% ▕█████████████████ ▏  17 GB/ 17 GB  447 MB/s      0s[K[?25h[?2026l[?2026h[?25l[A[1Gpulling manifest [K
pulling e796792eba26: 100% ▕██████████████████▏  17 GB                         [K[?25h[?2026l[?2026h[?25l[A[1Gpulling manifest [K
pulling e796792eba26: 100% ▕██████████████████▏  17 GB                         [K[?25h[?2026l[?2026h[?25l[A[1Gpulling manifest [K
pulling e796792eba26: 100% ▕██████████████████▏  17 GB                         [K[?25h[?2026l[?2026h[?25l[A[1Gpulling manifest [K
pulling e796792eba26: 100% ▕██████████████████▏  17 GB                         [K[?25h[?2026l[?2026h[?25l[A[1Gpulling manifest [K
pulling e796792eba26: 100% ▕██████████████████▏  17 GB                         [K[?25h[?2026l[?2026h[?25l[A[1Gpulling manifest [K
pulling e796792eba26: 100% ▕██████████████████▏  17 GB                         [K[?25h[?2026l[?2026h[?25l[A[1Gpulling manifest [K
pulling e796792eba26: 100% ▕██████████████████▏  17 GB                         [K[?25h[?2026l[?2026h[?25l[A[1Gpulling manifest [K
pulling e796792eba26: 100% ▕██████████████████▏  17 GB                         [K[?25h[?2026l[?2026h[?25l[A[1Gpulling manifest [K
pulling e796792eba26: 100% ▕██████████████████▏  17 GB                         [K[?25h[?2026l[?2026h[?25l[A[1Gpulling manifest [K
pulling e796792eba26: 100% ▕██████████████████▏  17 GB                         [K[?25h[?2026l[?2026h[?25l[A[1Gpulling manifest [K
pulling e796792eba26: 100% ▕██████████████████▏  17 GB                         [K[?25h[?2026l[?2026h[?25l[A[1Gpulling manifest [K
pulling e796792eba26: 100% ▕██████████████████▏  17 GB                         [K
verifying sha256 digest ⠋ [K[?25h[?2026l[?2026h[?25l[A[A[1Gpulling manifest [K
pulling e796792eba26: 100% ▕██████████████████▏  17 GB                         [K
verifying sha256 digest ⠙ [K[?25h[?2026l[?2026h[?25l[A[A[1Gpulling manifest [K
pulling e796792eba26: 100% ▕██████████████████▏  17 GB                         [K
verifying sha256 digest ⠹ [K[?25h[?2026l[?2026h[?25l[A[A[1Gpulling manifest [K
pulling e796792eba26: 100% ▕██████████████████▏  17 GB                         [K
verifying sha256 digest ⠸ [K[?25h[?2026l[?2026h[?25l[A[A[1Gpulling manifest [K
pulling e796792eba26: 100% ▕██████████████████▏  17 GB                         [K
verifying sha256 digest ⠼ [K[?25h[?2026l[?2026h[?25l[A[A[1Gpulling manifest [K
pulling e796792eba26: 100% ▕██████████████████▏  17 GB                         [K
verifying sha256 digest ⠴ [K[?25h[?2026l[?2026h[?25l[A[A[1Gpulling manifest [K
pulling e796792eba26: 100% ▕██████████████████▏  17 GB                         [K
verifying sha256 digest ⠦ [K[?25h[?2026l[?2026h[?25l[A[A[1Gpulling manifest [K
pulling e796792eba26: 100% ▕██████████████████▏  17 GB                         [K
verifying sha256 digest ⠧ [K[?25h[?2026l[?2026h[?25l[A[A[1Gpulling manifest [K
pulling e796792eba26: 100% ▕██████████████████▏  17 GB                         [K
verifying sha256 digest ⠇ [K[?25h[?2026l[?2026h[?25l[A[A[1Gpulling manifest [K
pulling e796792eba26: 100% ▕██████████████████▏  17 GB                         [K
verifying sha256 digest ⠏ [K[?25h[?2026l[?2026h[?25l[A[A[1Gpulling manifest [K
pulling e796792eba26: 100% ▕██████████████████▏  17 GB                         [K
verifying sha256 digest ⠋ [K[?25h[?2026l[?2026h[?25l[A[A[1Gpulling manifest [K
pulling e796792eba26: 100% ▕██████████████████▏  17 GB                         [K
verifying sha256 digest ⠙ [K[?25h[?2026l[?2026h[?25l[A[A[1Gpulling manifest [K
pulling e796792eba26: 100% ▕██████████████████▏  17 GB                         [K
verifying sha256 digest ⠹ [K[?25h[?2026l[?2026h[?25l[A[A[1Gpulling manifest [K
pulling e796792eba26: 100% ▕██████████████████▏  17 GB                         [K
verifying sha256 digest ⠸ [K[?25h[?2026l[?2026h[?25l[A[A[1Gpulling manifest [K
pulling e796792eba26: 100% ▕██████████████████▏  17 GB                         [K
verifying sha256 digest ⠼ [K[?25h[?2026l[?2026h[?25l[A[A[1Gpulling manifest [K
pulling e796792eba26: 100% ▕██████████████████▏  17 GB                         [K
verifying sha256 digest ⠴ [K[?25h[?2026l[?2026h[?25l[A[A[1Gpulling manifest [K
pulling e796792eba26: 100% ▕██████████████████▏  17 GB                         [K
verifying sha256 digest ⠦ [K[?25h[?2026l[?2026h[?25l[A[A[1Gpulling manifest [K
pulling e796792eba26: 100% ▕██████████████████▏  17 GB                         [K
verifying sha256 digest ⠧ [K[?25h[?2026l[?2026h[?25l[A[A[1Gpulling manifest [K
pulling e796792eba26: 100% ▕██████████████████▏  17 GB                         [K
verifying sha256 digest ⠇ [K[?25h[?2026l[?2026h[?25l[A[A[1Gpulling manifest [K
pulling e796792eba26: 100% ▕██████████████████▏  17 GB                         [K
verifying sha256 digest ⠏ [K[?25h[?2026l[?2026h[?25l[A[A[1Gpulling manifest [K
pulling e796792eba26: 100% ▕██████████████████▏  17 GB                         [K
verifying sha256 digest ⠋ [K[?25h[?2026l[?2026h[?25l[A[A[1Gpulling manifest [K
pulling e796792eba26: 100% ▕██████████████████▏  17 GB                         [K
verifying sha256 digest ⠙ [K[?25h[?2026l[?2026h[?25l[A[A[1Gpulling manifest [K
pulling e796792eba26: 100% ▕██████████████████▏  17 GB                         [K
verifying sha256 digest ⠹ [K[?25h[?2026l[?2026h[?25l[A[A[1Gpulling manifest [K
pulling e796792eba26: 100% ▕██████████████████▏  17 GB                         [K
verifying sha256 digest ⠸ [K[?25h[?2026l[?2026h[?25l[A[A[1Gpulling manifest [K
pulling e796792eba26: 100% ▕██████████████████▏  17 GB                         [K
verifying sha256 digest ⠼ [K[?25h[?2026l[?2026h[?25l[A[A[1Gpulling manifest [K
pulling e796792eba26: 100% ▕██████████████████▏  17 GB                         [K
verifying sha256 digest ⠴ [K[?25h[?2026l[?2026h[?25l[A[A[1Gpulling manifest [K
pulling e796792eba26: 100% ▕██████████████████▏  17 GB                         [K
verifying sha256 digest ⠦ [K[?25h[?2026l[?2026h[?25l[A[A[1Gpulling manifest [K
pulling e796792eba26: 100% ▕██████████████████▏  17 GB                         [K
verifying sha256 digest ⠧ [K[?25h[?2026l[?2026h[?25l[A[A[1Gpulling manifest [K
pulling e796792eba26: 100% ▕██████████████████▏  17 GB                         [K
verifying sha256 digest ⠇ [K[?25h[?2026l[?2026h[?25l[A[A[1Gpulling manifest [K
pulling e796792eba26: 100% ▕██████████████████▏  17 GB                         [K
verifying sha256 digest ⠏ [K[?25h[?2026l[?2026h[?25l[A[A[1Gpulling manifest [K
pulling e796792eba26: 100% ▕██████████████████▏  17 GB                         [K
verifying sha256 digest ⠋ [K[?25h[?2026l[?2026h[?25l[A[A[1Gpulling manifest [K
pulling e796792eba26: 100% ▕██████████████████▏  17 GB                         [K
verifying sha256 digest ⠙ [K[?25h[?2026l[?2026h[?25l[A[A[1Gpulling manifest [K
pulling e796792eba26: 100% ▕██████████████████▏  17 GB                         [K
verifying sha256 digest ⠹ [K[?25h[?2026l[?2026h[?25l[A[A[1Gpulling manifest [K
pulling e796792eba26: 100% ▕██████████████████▏  17 GB                         [K
verifying sha256 digest ⠸ [K[?25h[?2026l[?2026h[?25l[A[A[1Gpulling manifest [K
pulling e796792eba26: 100% ▕██████████████████▏  17 GB                         [K
verifying sha256 digest ⠼ [K[?25h[?2026l[?2026h[?25l[A[A[1Gpulling manifest [K
pulling e796792eba26: 100% ▕██████████████████▏  17 GB                         [K
verifying sha256 digest ⠴ [K[?25h[?2026l[?2026h[?25l[A[A[1Gpulling manifest [K
pulling e796792eba26: 100% ▕██████████████████▏  17 GB                         [K
verifying sha256 digest ⠦ [K[?25h[?2026l[?2026h[?25l[A[A[1Gpulling manifest [K
pulling e796792eba26: 100% ▕██████████████████▏  17 GB                         [K
verifying sha256 digest ⠧ [K[?25h[?2026l[?2026h[?25l[A[A[1Gpulling manifest [K
pulling e796792eba26: 100% ▕██████████████████▏  17 GB                         [K
verifying sha256 digest ⠇ [K[?25h[?2026l[?2026h[?25l[A[A[1Gpulling manifest [K
pulling e796792eba26: 100% ▕██████████████████▏  17 GB                         [K
verifying sha256 digest ⠏ [K[?25h[?2026l[?2026h[?25l[A[A[1Gpulling manifest [K
pulling e796792eba26: 100% ▕██████████████████▏  17 GB                         [K
verifying sha256 digest ⠋ [K[?25h[?2026l[?2026h[?25l[A[A[1Gpulling manifest [K
pulling e796792eba26: 100% ▕██████████████████▏  17 GB                         [K
verifying sha256 digest ⠙ [K[?25h[?2026l[?2026h[?25l[A[A[1Gpulling manifest [K
pulling e796792eba26: 100% ▕██████████████████▏  17 GB                         [K
verifying sha256 digest ⠹ [K[?25h[?2026l[?2026h[?25l[A[A[1Gpulling manifest [K
pulling e796792eba26: 100% ▕██████████████████▏  17 GB                         [K
verifying sha256 digest ⠸ [K[?25h[?2026l[?2026h[?25l[A[A[1Gpulling manifest [K
pulling e796792eba26: 100% ▕██████████████████▏  17 GB                         [K
verifying sha256 digest ⠼ [K[?25h[?2026l[?2026h[?25l[A[A[1Gpulling manifest [K
pulling e796792eba26: 100% ▕██████████████████▏  17 GB                         [K
verifying sha256 digest ⠴ [K[?25h[?2026l[?2026h[?25l[A[A[1Gpulling manifest [K
pulling e796792eba26: 100% ▕██████████████████▏  17 GB                         [K
verifying sha256 digest ⠦ [K[?25h[?2026l[?2026h[?25l[A[A[1Gpulling manifest [K
pulling e796792eba26: 100% ▕██████████████████▏  17 GB                         [K
verifying sha256 digest ⠧ [K[?25h[?2026l[?2026h[?25l[A[A[1Gpulling manifest [K
pulling e796792eba26: 100% ▕██████████████████▏  17 GB                         [K
verifying sha256 digest ⠇ [K[?25h[?2026l[?2026h[?25l[A[A[1Gpulling manifest [K
pulling e796792eba26: 100% ▕██████████████████▏  17 GB                         [K
verifying sha256 digest ⠏ [K[?25h[?2026l[?2026h[?25l[A[A[1Gpulling manifest [K
pulling e796792eba26: 100% ▕██████████████████▏  17 GB                         [K
verifying sha256 digest ⠋ [K[?25h[?2026l[?2026h[?25l[A[A[1Gpulling manifest [K
pulling e796792eba26: 100% ▕██████████████████▏  17 GB                         [K
verifying sha256 digest ⠙ [K[?25h[?2026l[?2026h[?25l[A[A[1Gpulling manifest [K
pulling e796792eba26: 100% ▕██████████████████▏  17 GB                         [K
verifying sha256 digest ⠹ [K[?25h[?2026l[?2026h[?25l[A[A[1Gpulling manifest [K
pulling e796792eba26: 100% ▕██████████████████▏  17 GB                         [K
verifying sha256 digest ⠸ [K[?25h[?2026l[?2026h[?25l[A[A[1Gpulling manifest [K
pulling e796792eba26: 100% ▕██████████████████▏  17 GB                         [K
verifying sha256 digest ⠼ [K[?25h[?2026l[?2026h[?25l[A[A[1Gpulling manifest [K
pulling e796792eba26: 100% ▕██████████████████▏  17 GB                         [K
verifying sha256 digest ⠴ [K[?25h[?2026l[?2026h[?25l[A[A[1Gpulling manifest [K
pulling e796792eba26: 100% ▕██████████████████▏  17 GB                         [K
verifying sha256 digest ⠦ [K[?25h[?2026l[?2026h[?25l[A[A[1Gpulling manifest [K
pulling e796792eba26: 100% ▕██████████████████▏  17 GB                         [K
verifying sha256 digest ⠧ [K[?25h[?2026l[?2026h[?25l[A[A[1Gpulling manifest [K
pulling e796792eba26: 100% ▕██████████████████▏  17 GB                         [K
verifying sha256 digest ⠇ [K[?25h[?2026l[?2026h[?25l[A[A[1Gpulling manifest [K
pulling e796792eba26: 100% ▕██████████████████▏  17 GB                         [K
verifying sha256 digest ⠏ [K[?25h[?2026l[?2026h[?25l[A[A[1Gpulling manifest [K
pulling e796792eba26: 100% ▕██████████████████▏  17 GB                         [K
verifying sha256 digest ⠋ [K[?25h[?2026l[?2026h[?25l[A[A[1Gpulling manifest [K
pulling e796792eba26: 100% ▕██████████████████▏  17 GB                         [K
verifying sha256 digest ⠙ [K[?25h[?2026l[?2026h[?25l[A[A[1Gpulling manifest [K
pulling e796792eba26: 100% ▕██████████████████▏  17 GB                         [K
verifying sha256 digest ⠹ [K[?25h[?2026l[?2026h[?25l[A[A[1Gpulling manifest [K
pulling e796792eba26: 100% ▕██████████████████▏  17 GB                         [K
verifying sha256 digest ⠸ [K[?25h[?2026l[?2026h[?25l[A[A[1Gpulling manifest [K
pulling e796792eba26: 100% ▕██████████████████▏  17 GB                         [K
verifying sha256 digest ⠼ [K[?25h[?2026l[?2026h[?25l[A[A[1Gpulling manifest [K
pulling e796792eba26: 100% ▕██████████████████▏  17 GB                         [K
verifying sha256 digest ⠴ [K[?25h[?2026l[?2026h[?25l[A[A[1Gpulling manifest [K
pulling e796792eba26: 100% ▕██████████████████▏  17 GB                         [K
verifying sha256 digest ⠦ [K[?25h[?2026l[?2026h[?25l[A[A[1Gpulling manifest [K
pulling e796792eba26: 100% ▕██████████████████▏  17 GB                         [K
verifying sha256 digest ⠧ [K[?25h[?2026l[?2026h[?25l[A[A[1Gpulling manifest [K
pulling e796792eba26: 100% ▕██████████████████▏  17 GB                         [K
verifying sha256 digest ⠇ [K[?25h[?2026l[?2026h[?25l[A[A[1Gpulling manifest [K
pulling e796792eba26: 100% ▕██████████████████▏  17 GB                         [K
verifying sha256 digest ⠏ [K[?25h[?2026l[?2026h[?25l[A[A[1Gpulling manifest [K
pulling e796792eba26: 100% ▕██████████████████▏  17 GB                         [K
verifying sha256 digest ⠋ [K[?25h[?2026l[?2026h[?25l[A[A[1Gpulling manifest [K
pulling e796792eba26: 100% ▕██████████████████▏  17 GB                         [K
verifying sha256 digest ⠙ [K[?25h[?2026l[?2026h[?25l[A[A[1Gpulling manifest [K
pulling e796792eba26: 100% ▕██████████████████▏  17 GB                         [K
verifying sha256 digest ⠹ [K[?25h[?2026l[?2026h[?25l[A[A[1Gpulling manifest [K
pulling e796792eba26: 100% ▕██████████████████▏  17 GB                         [K
verifying sha256 digest ⠸ [K[?25h[?2026l[?2026h[?25l[A[A[1Gpulling manifest [K
pulling e796792eba26: 100% ▕██████████████████▏  17 GB                         [K
verifying sha256 digest ⠼ [K[?25h[?2026l[?2026h[?25l[A[A[1Gpulling manifest [K
pulling e796792eba26: 100% ▕██████████████████▏  17 GB                         [K
verifying sha256 digest ⠴ [K[?25h[?2026l[?2026h[?25l[A[A[1Gpulling manifest [K
pulling e796792eba26: 100% ▕██████████████████▏  17 GB                         [K
verifying sha256 digest ⠦ [K[?25h[?2026l[?2026h[?25l[A[A[1Gpulling manifest [K
pulling e796792eba26: 100% ▕██████████████████▏  17 GB                         [K
verifying sha256 digest ⠧ [K[?25h[?2026l[?2026h[?25l[A[A[1Gpulling manifest [K
pulling e796792eba26: 100% ▕██████████████████▏  17 GB                         [K
verifying sha256 digest ⠇ [K[?25h[?2026l[?2026h[?25l[A[A[1Gpulling manifest [K
pulling e796792eba26: 100% ▕██████████████████▏  17 GB                         [K
verifying sha256 digest ⠏ [K[?25h[?2026l[?2026h[?25l[A[A[1Gpulling manifest [K
pulling e796792eba26: 100% ▕██████████████████▏  17 GB                         [K
verifying sha256 digest ⠋ [K[?25h[?2026l[?2026h[?25l[A[A[1Gpulling manifest [K
pulling e796792eba26: 100% ▕██████████████████▏  17 GB                         [K
verifying sha256 digest ⠙ [K[?25h[?2026l[?2026h[?25l[A[A[1Gpulling manifest [K
pulling e796792eba26: 100% ▕██████████████████▏  17 GB                         [K
verifying sha256 digest ⠹ [K[?25h[?2026l[?2026h[?25l[A[A[1Gpulling manifest [K
pulling e796792eba26: 100% ▕██████████████████▏  17 GB                         [K
verifying sha256 digest ⠸ [K[?25h[?2026l[?2026h[?25l[A[A[1Gpulling manifest [K
pulling e796792eba26: 100% ▕██████████████████▏  17 GB                         [K
verifying sha256 digest ⠼ [K[?25h[?2026l[?2026h[?25l[A[A[1Gpulling manifest [K
pulling e796792eba26: 100% ▕██████████████████▏  17 GB                         [K
verifying sha256 digest ⠴ [K[?25h[?2026l[?2026h[?25l[A[A[1Gpulling manifest [K
pulling e796792eba26: 100% ▕██████████████████▏  17 GB                         [K
verifying sha256 digest ⠦ [K[?25h[?2026l[?2026h[?25l[A[A[1Gpulling manifest [K
pulling e796792eba26: 100% ▕██████████████████▏  17 GB                         [K
verifying sha256 digest ⠧ [K[?25h[?2026l[?2026h[?25l[A[A[1Gpulling manifest [K
pulling e796792eba26: 100% ▕██████████████████▏  17 GB                         [K
verifying sha256 digest ⠇ [K[?25h[?2026l[?2026h[?25l[A[A[1Gpulling manifest [K
pulling e796792eba26: 100% ▕██████████████████▏  17 GB                         [K
verifying sha256 digest ⠏ [K[?25h[?2026l[?2026h[?25l[A[A[1Gpulling manifest [K
pulling e796792eba26: 100% ▕██████████████████▏  17 GB                         [K
verifying sha256 digest ⠋ [K[?25h[?2026l[?2026h[?25l[A[A[1Gpulling manifest [K
pulling e796792eba26: 100% ▕██████████████████▏  17 GB                         [K
verifying sha256 digest ⠙ [K[?25h[?2026l[?2026h[?25l[A[A[1Gpulling manifest [K
pulling e796792eba26: 100% ▕██████████████████▏  17 GB                         [K
verifying sha256 digest ⠹ [K[?25h[?2026l[?2026h[?25l[A[A[1Gpulling manifest [K
pulling e796792eba26: 100% ▕██████████████████▏  17 GB                         [K
verifying sha256 digest ⠸ [K[?25h[?2026l[?2026h[?25l[A[A[1Gpulling manifest [K
pulling e796792eba26: 100% ▕██████████████████▏  17 GB                         [K
verifying sha256 digest ⠼ [K[?25h[?2026l[?2026h[?25l[A[A[1Gpulling manifest [K
pulling e796792eba26: 100% ▕██████████████████▏  17 GB                         [K
verifying sha256 digest ⠴ [K[?25h[?2026l[?2026h[?25l[A[A[1Gpulling manifest [K
pulling e796792eba26: 100% ▕██████████████████▏  17 GB                         [K
verifying sha256 digest ⠦ [K[?25h[?2026l[?2026h[?25l[A[A[1Gpulling manifest [K
pulling e796792eba26: 100% ▕██████████████████▏  17 GB                         [K
verifying sha256 digest ⠧ [K[?25h[?2026l[?2026h[?25l[A[A[1Gpulling manifest [K
pulling e796792eba26: 100% ▕██████████████████▏  17 GB                         [K
verifying sha256 digest ⠇ [K[?25h[?2026l[?2026h[?25l[A[A[1Gpulling manifest [K
pulling e796792eba26: 100% ▕██████████████████▏  17 GB                         [K
verifying sha256 digest ⠏ [K[?25h[?2026l[?2026h[?25l[A[A[1Gpulling manifest [K
pulling e796792eba26: 100% ▕██████████████████▏  17 GB                         [K
verifying sha256 digest ⠋ [K[?25h[?2026l[?2026h[?25l[A[A[1Gpulling manifest [K
pulling e796792eba26: 100% ▕██████████████████▏  17 GB                         [K
verifying sha256 digest ⠙ [K[?25h[?2026l[?2026h[?25l[A[A[1Gpulling manifest [K
pulling e796792eba26: 100% ▕██████████████████▏  17 GB                         [K
verifying sha256 digest ⠹ [K[?25h[?2026l[?2026h[?25l[A[A[1Gpulling manifest [K
pulling e796792eba26: 100% ▕██████████████████▏  17 GB                         [K
verifying sha256 digest ⠸ [K[?25h[?2026l[?2026h[?25l[A[A[1Gpulling manifest [K
pulling e796792eba26: 100% ▕██████████████████▏  17 GB                         [K
verifying sha256 digest ⠼ [K[?25h[?2026l[?2026h[?25l[A[A[1Gpulling manifest [K
pulling e796792eba26: 100% ▕██████████████████▏  17 GB                         [K
verifying sha256 digest ⠴ [K[?25h[?2026l[?2026h[?25l[A[A[1Gpulling manifest [K
pulling e796792eba26: 100% ▕██████████████████▏  17 GB                         [K
verifying sha256 digest ⠦ [K[?25h[?2026l[?2026h[?25l[A[A[1Gpulling manifest [K
pulling e796792eba26: 100% ▕██████████████████▏  17 GB                         [K
verifying sha256 digest ⠧ [K[?25h[?2026l[?2026h[?25l[A[A[1Gpulling manifest [K
pulling e796792eba26: 100% ▕██████████████████▏  17 GB                         [K
verifying sha256 digest ⠇ [K[?25h[?2026l[?2026h[?25l[A[A[1Gpulling manifest [K
pulling e796792eba26: 100% ▕██████████████████▏  17 GB                         [K
verifying sha256 digest ⠏ [K[?25h[?2026l[?2026h[?25l[A[A[1Gpulling manifest [K
pulling e796792eba26: 100% ▕██████████████████▏  17 GB                         [K
verifying sha256 digest ⠋ [K[?25h[?2026l[?2026h[?25l[A[A[1Gpulling manifest [K
pulling e796792eba26: 100% ▕██████████████████▏  17 GB                         [K
verifying sha256 digest ⠙ [K[?25h[?2026l[?2026h[?25l[A[A[1Gpulling manifest [K
pulling e796792eba26: 100% ▕██████████████████▏  17 GB                         [K
verifying sha256 digest ⠹ [K[?25h[?2026l[?2026h[?25l[A[A[1Gpulling manifest [K
pulling e796792eba26: 100% ▕██████████████████▏  17 GB                         [K
verifying sha256 digest ⠸ [K[?25h[?2026l[?2026h[?25l[A[A[1Gpulling manifest [K
pulling e796792eba26: 100% ▕██████████████████▏  17 GB                         [K
verifying sha256 digest ⠼ [K[?25h[?2026l[?2026h[?25l[A[A[1Gpulling manifest [K
pulling e796792eba26: 100% ▕██████████████████▏  17 GB                         [K
verifying sha256 digest ⠴ [K[?25h[?2026l[?2026h[?25l[A[A[1Gpulling manifest [K
pulling e796792eba26: 100% ▕██████████████████▏  17 GB                         [K
verifying sha256 digest ⠦ [K[?25h[?2026l[?2026h[?25l[A[A[1Gpulling manifest [K
pulling e796792eba26: 100% ▕██████████████████▏  17 GB                         [K
verifying sha256 digest ⠧ [K[?25h[?2026l[?2026h[?25l[A[A[1Gpulling manifest [K
pulling e796792eba26: 100% ▕██████████████████▏  17 GB                         [K
verifying sha256 digest ⠇ [K[?25h[?2026l[?2026h[?25l[A[A[1Gpulling manifest [K
pulling e796792eba26: 100% ▕██████████████████▏  17 GB                         [K
verifying sha256 digest ⠏ [K[?25h[?2026l[?2026h[?25l[A[A[1Gpulling manifest [K
pulling e796792eba26: 100% ▕██████████████████▏  17 GB                         [K
verifying sha256 digest ⠋ [K[?25h[?2026l[?2026h[?25l[A[A[1Gpulling manifest [K
pulling e796792eba26: 100% ▕██████████████████▏  17 GB                         [K
verifying sha256 digest ⠙ [K[?25h[?2026l[?2026h[?25l[A[A[1Gpulling manifest [K
pulling e796792eba26: 100% ▕██████████████████▏  17 GB                         [K
verifying sha256 digest ⠹ [K[?25h[?2026l[?2026h[?25l[A[A[1Gpulling manifest [K
pulling e796792eba26: 100% ▕██████████████████▏  17 GB                         [K
verifying sha256 digest ⠸ [K[?25h[?2026l[?2026h[?25l[A[A[1Gpulling manifest [K
pulling e796792eba26: 100% ▕██████████████████▏  17 GB                         [K
verifying sha256 digest ⠼ [K[?25h[?2026l[?2026h[?25l[A[A[1Gpulling manifest [K
pulling e796792eba26: 100% ▕██████████████████▏  17 GB                         [K
verifying sha256 digest ⠴ [K[?25h[?2026l[?2026h[?25l[A[A[1Gpulling manifest [K
pulling e796792eba26: 100% ▕██████████████████▏  17 GB                         [K
verifying sha256 digest ⠦ [K[?25h[?2026l[?2026h[?25l[A[A[1Gpulling manifest [K
pulling e796792eba26: 100% ▕██████████████████▏  17 GB                         [K
verifying sha256 digest ⠧ [K[?25h[?2026l[?2026h[?25l[A[A[1Gpulling manifest [K
pulling e796792eba26: 100% ▕██████████████████▏  17 GB                         [K
verifying sha256 digest ⠇ [K[?25h[?2026l[?2026h[?25l[A[A[1Gpulling manifest [K
pulling e796792eba26: 100% ▕██████████████████▏  17 GB                         [K
verifying sha256 digest ⠏ [K[?25h[?2026l[?2026h[?25l[A[A[1Gpulling manifest [K
pulling e796792eba26: 100% ▕██████████████████▏  17 GB                         [K
verifying sha256 digest ⠋ [K[?25h[?2026l[?2026h[?25l[A[A[1Gpulling manifest [K
pulling e796792eba26: 100% ▕██████████████████▏  17 GB                         [K
verifying sha256 digest ⠙ [K[?25h[?2026l[?2026h[?25l[A[A[1Gpulling manifest [K
pulling e796792eba26: 100% ▕██████████████████▏  17 GB                         [K
verifying sha256 digest ⠹ [K[?25h[?2026l[?2026h[?25l[A[A[1Gpulling manifest [K
pulling e796792eba26: 100% ▕██████████████████▏  17 GB                         [K
verifying sha256 digest ⠸ [K[?25h[?2026l[?2026h[?25l[A[A[1Gpulling manifest [K
pulling e796792eba26: 100% ▕██████████████████▏  17 GB                         [K
verifying sha256 digest ⠼ [K[?25h[?2026l[?2026h[?25l[A[A[1Gpulling manifest [K
pulling e796792eba26: 100% ▕██████████████████▏  17 GB                         [K
verifying sha256 digest ⠴ [K[?25h[?2026l[?2026h[?25l[A[A[1Gpulling manifest [K
pulling e796792eba26: 100% ▕██████████████████▏  17 GB                         [K
verifying sha256 digest ⠦ [K[?25h[?2026l[?2026h[?25l[A[A[1Gpulling manifest [K
pulling e796792eba26: 100% ▕██████████████████▏  17 GB                         [K
verifying sha256 digest ⠧ [K[?25h[?2026l[?2026h[?25l[A[A[1Gpulling manifest [K
pulling e796792eba26: 100% ▕██████████████████▏  17 GB                         [K
verifying sha256 digest ⠇ [K[?25h[?2026l[?2026h[?25l[A[A[1Gpulling manifest [K
pulling e796792eba26: 100% ▕██████████████████▏  17 GB                         [K
verifying sha256 digest ⠏ [K[?25h[?2026l[?2026h[?25l[A[A[1Gpulling manifest [K
pulling e796792eba26: 100% ▕██████████████████▏  17 GB                         [K
verifying sha256 digest ⠋ [K[?25h[?2026l[?2026h[?25l[A[A[1Gpulling manifest [K
pulling e796792eba26: 100% ▕██████████████████▏  17 GB                         [K
verifying sha256 digest ⠙ [K[?25h[?2026l[?2026h[?25l[A[A[1Gpulling manifest [K
pulling e796792eba26: 100% ▕██████████████████▏  17 GB                         [K
verifying sha256 digest ⠹ [K[?25h[?2026l[?2026h[?25l[A[A[1Gpulling manifest [K
pulling e796792eba26: 100% ▕██████████████████▏  17 GB                         [K
verifying sha256 digest ⠸ [K[?25h[?2026l[?2026h[?25l[A[A[1Gpulling manifest [K
pulling e796792eba26: 100% ▕██████████████████▏  17 GB                         [K
verifying sha256 digest ⠼ [K[?25h[?2026l[?2026h[?25l[A[A[1Gpulling manifest [K
pulling e796792eba26: 100% ▕██████████████████▏  17 GB                         [K
verifying sha256 digest ⠴ [K[?25h[?2026l[?2026h[?25l[A[A[1Gpulling manifest [K
pulling e796792eba26: 100% ▕██████████████████▏  17 GB                         [K
verifying sha256 digest ⠦ [K[?25h[?2026l[?2026h[?25l[A[A[1Gpulling manifest [K
pulling e796792eba26: 100% ▕██████████████████▏  17 GB                         [K
verifying sha256 digest ⠧ [K[?25h[?2026l[?2026h[?25l[A[A[1Gpulling manifest [K
pulling e796792eba26: 100% ▕██████████████████▏  17 GB                         [K
verifying sha256 digest ⠇ [K[?25h[?2026l[?2026h[?25l[A[A[1Gpulling manifest [K
pulling e796792eba26: 100% ▕██████████████████▏  17 GB                         [K
verifying sha256 digest ⠏ [K[?25h[?2026l[?2026h[?25l[A[A[1Gpulling manifest [K
pulling e796792eba26: 100% ▕██████████████████▏  17 GB                         [K
verifying sha256 digest ⠋ [K[?25h[?2026l[?2026h[?25l[A[A[1Gpulling manifest [K
pulling e796792eba26: 100% ▕██████████████████▏  17 GB                         [K
verifying sha256 digest ⠙ [K[?25h[?2026l[?2026h[?25l[A[A[1Gpulling manifest [K
pulling e796792eba26: 100% ▕██████████████████▏  17 GB                         [K
verifying sha256 digest ⠹ [K[?25h[?2026l[?2026h[?25l[A[A[1Gpulling manifest [K
pulling e796792eba26: 100% ▕██████████████████▏  17 GB                         [K
verifying sha256 digest ⠸ [K[?25h[?2026l[?2026h[?25l[A[A[1Gpulling manifest [K
pulling e796792eba26: 100% ▕██████████████████▏  17 GB                         [K
verifying sha256 digest ⠼ [K[?25h[?2026l[?2026h[?25l[A[A[1Gpulling manifest [K
pulling e796792eba26: 100% ▕██████████████████▏  17 GB                         [K
verifying sha256 digest ⠴ [K[?25h[?2026l[?2026h[?25l[A[A[1Gpulling manifest [K
pulling e796792eba26: 100% ▕██████████████████▏  17 GB                         [K
verifying sha256 digest ⠦ [K[?25h[?2026l[?2026h[?25l[A[A[1Gpulling manifest [K
pulling e796792eba26: 100% ▕██████████████████▏  17 GB                         [K
verifying sha256 digest ⠧ [K[?25h[?2026l[?2026h[?25l[A[A[1Gpulling manifest [K
pulling e796792eba26: 100% ▕██████████████████▏  17 GB                         [K
verifying sha256 digest ⠇ [K[?25h[?2026l[?2026h[?25l[A[A[1Gpulling manifest [K
pulling e796792eba26: 100% ▕██████████████████▏  17 GB                         [K
verifying sha256 digest [K
writing manifest [K
success [K[?25h[?2026l
