Fetching 12 files:   0%|          | 0/12 [00:00<?, ?it/s]Fetching 12 files:  67%|██████▋   | 8/12 [00:00<00:00, 15.95it/s]Fetching 12 files:  75%|███████▌  | 9/12 [00:20<00:06,  2.22s/it]Fetching 12 files:  83%|████████▎ | 10/12 [01:37<00:19,  9.77s/it]Fetching 12 files:  92%|█████████▏| 11/12 [02:33<00:13, 14.00s/it]Fetching 12 files: 100%|██████████| 12/12 [02:34<00:00, 12.90s/it]Fetching 12 files: 100%|██████████| 12/12 [02:34<00:00, 12.90s/it]
m-a-p/YuE-s1-7B-anneal-en-cot /root/.cache/huggingface/hub/models--m-a-p--YuE-s1-7B-anneal-en-cot/snapshots/454c20e1748888800f8e4b3da45125f55482d967
Fetching 9 files:   0%|          | 0/9 [00:00<?, ?it/s]Fetching 9 files:  89%|████████▉ | 8/9 [00:01<00:00,  6.25it/s]Fetching 9 files:  89%|████████▉ | 8/9 [00:15<00:01,  1.89s/it]Fetching 9 files: 100%|██████████| 9/9 [00:45<00:00,  5.08s/it]Fetching 9 files: 100%|██████████| 9/9 [00:45<00:00,  5.08s/it]
m-a-p/YuE-s2-1B-general /root/.cache/huggingface/hub/models--m-a-p--YuE-s2-1B-general/snapshots/9dfa90b7013f6b5e7eb5eb2991620dca33058a0e
Fetching 9 files:   0%|          | 0/9 [00:00<?, ?it/s]Fetching 9 files:  89%|████████▉ | 8/9 [00:01<00:00,  4.48it/s]Fetching 9 files: 100%|██████████| 9/9 [00:13<00:00,  1.54s/it]
m-a-p/YuE-s1-0.5B /root/.cache/huggingface/hub/models--m-a-p--YuE-s1-0.5B/snapshots/65b4514ee5d821275cf4204f307425ed94fb936e
patched infer_timed.py
NVIDIA GeForce RTX 4090, 24564 MiB, 570.211.01
torch 2.4.1+cu124 transformers 4.48.3
[17:08:40] official YuE, seed 42, 2 segments
TIMING {"start": 0.0, "stage1_done": 370.9, "stage2_start": 381.8, "stage2_done": 1205.6, "end": 1213.2}
[17:28:59] BASELINE_DONE
  File "/workspace/repo/scripts/music/yue/yue_probe.py", line 92, in <module>
    main()
  File "/workspace/repo/scripts/music/yue/yue_probe.py", line 75, in main
    q = dist(D, hD, hDu, ctx, sg['guidance'], V); del hD, hDu
        ^^^^^^^^^^^^^^^^^^^^^^^^^^^^^^^^^^^^^^^^
  File "/workspace/repo/scripts/music/yue/yue_probe.py", line 50, in dist
    return top_p_probs(torch.stack(out))
           ^^^^^^^^^^^^^^^^^^^^^^^^^^^^^
  File "/workspace/repo/scripts/music/yue/yue_probe.py", line 21, in top_p_probs
    sp, si = torch.sort(p, -1, descending=True)
             ^^^^^^^^^^^^^^^^^^^^^^^^^^^^^^^^^^
torch.OutOfMemoryError: CUDA out of memory. Tried to allocate 1.41 GiB. GPU 0 has a total capacity of 23.53 GiB of which 1.30 GiB is free. Including non-PyTorch memory, this process has 22.21 GiB memory in use. Of the allocated memory 20.87 GiB is allocated by PyTorch, and 917.54 MiB is reserved by PyTorch but unallocated. If reserved but unallocated memory is large try setting PYTORCH_CUDA_ALLOC_CONF=expandable_segments:True to avoid fragmentation.  See documentation for Memory Management  (https://pytorch.org/docs/stable/notes/cuda.html#environment-variables)
[17:29:10] YUE_PHASE1_DONE
