debconf: delaying package configuration, since apt-utils is not installed
Fetching 12 files:   0%|          | 0/12 [00:00<?, ?it/s]Fetching 12 files:  67%|██████▋   | 8/12 [00:00<00:00, 48.94it/s]Fetching 12 files:  83%|████████▎ | 10/12 [00:20<00:04,  2.00s/it]Fetching 12 files:  92%|█████████▏| 11/12 [00:23<00:02,  2.18s/it]Fetching 12 files: 100%|██████████| 12/12 [00:25<00:00,  2.13s/it]Fetching 12 files: 100%|██████████| 12/12 [00:25<00:00,  2.13s/it]
m-a-p/YuE-s1-7B-anneal-en-cot /root/.cache/huggingface/hub/models--m-a-p--YuE-s1-7B-anneal-en-cot/snapshots/454c20e1748888800f8e4b3da45125f55482d967
Fetching 9 files:   0%|          | 0/9 [00:00<?, ?it/s]Fetching 9 files:  89%|████████▉ | 8/9 [00:00<00:00, 25.37it/s]Fetching 9 files: 100%|██████████| 9/9 [00:06<00:00,  1.48it/s]
m-a-p/YuE-s2-1B-general /root/.cache/huggingface/hub/models--m-a-p--YuE-s2-1B-general/snapshots/9dfa90b7013f6b5e7eb5eb2991620dca33058a0e
Fetching 9 files:   0%|          | 0/9 [00:00<?, ?it/s]Fetching 9 files:  89%|████████▉ | 8/9 [00:00<00:00, 13.29it/s]Fetching 9 files: 100%|██████████| 9/9 [00:02<00:00,  3.17it/s]
m-a-p/YuE-s1-0.5B /root/.cache/huggingface/hub/models--m-a-p--YuE-s1-0.5B/snapshots/65b4514ee5d821275cf4204f307425ed94fb936e
patched infer_timed.py
NVIDIA GeForce RTX 4090, 24564 MiB, 580.159.04
The cache for model files in Transformers v4.22.0 has been updated. Migrating your old cache. This is a one-time only operation. You can interrupt this and resume the migration later on by calling `transformers.utils.move_cache()`.
0it [00:00, ?it/s]0it [00:00, ?it/s]
torch 2.4.1+cu124 transformers 4.48.3
[15:32:07] official YuE, seed 42, 2 segments
TIMING {"start": 0.0, "stage1_done": 319.2, "stage2_start": 327.4, "stage2_done": 1023.8, "end": 1031.6}
[15:49:25] BASELINE_DONE
Loading checkpoint shards:   0%|          | 0/3 [00:00<?, ?it/s]Loading checkpoint shards:  33%|███▎      | 1/3 [00:00<00:00,  8.31it/s]Loading checkpoint shards: 100%|██████████| 3/3 [00:00<00:00, 10.04it/s]Loading checkpoint shards: 100%|██████████| 3/3 [00:00<00:00,  9.83it/s]
{"segment": 1, "positions": 1500, "guidance": 1.5, "expected_acceptance": 0.7679407000541687, "acceptance_p10_p50_p90": [0.47474727034568787, 0.7798042297363281, 1.0], "entropy_nats": 1.1048612594604492, "prob_of_drawn_token": 0.5482854247093201, "nucleus_size_median": 5}
{"segment": 2, "positions": 1500, "guidance": 1.2, "expected_acceptance": 0.5194045305252075, "acceptance_p10_p50_p90": [0.22841644287109375, 0.5257492065429688, 0.8229247331619263], "entropy_nats": 1.0678448677062988, "prob_of_drawn_token": 0.46863916516304016, "nucleus_size_median": 4}
EXPECTED ACCEPTANCE (draft m-a-p/YuE-s1-0.5B): 0.644
[15:49:38] YUE_PHASE1_DONE
STEP_BASELINE_DONE
patched infer_fast.py
TIMING {"start": 0.0, "stage1_done": 183.6, "stage2_start": 191.1, "stage2_done": 384.2, "end": 391.3}
{"replay_bf16": "missing", "replay_s2fp32": {"stage1_tokens_identical": true, "tokens": 6435, "official_tokens": 6435, "stage2_codes_equal_to_official": 0.43280984719864174}}
REPLAY_DONE
STEP_REPLAY_DONE
TIMING {"start": 0.0, "stage1_done": 309.8, "stage2_start": 317.2, "stage2_done": 1627.5, "end": 1635.1}
{"official_stage1_identical_across_runs": true, "official_fp32_seconds": 1635, "stage2_files": 2, "sushila_fp32_codes_equal_to_official_fp32": 1.0, "same_shapes": true, "pass": true}
OFFICIAL_FP32_DONE
ALL_DONE
