Loading checkpoint shards:   0%|          | 0/3 [00:00<?, ?it/s]Loading checkpoint shards:  33%|███▎      | 1/3 [00:00<00:00,  6.42it/s]Loading checkpoint shards:  67%|██████▋   | 2/3 [00:00<00:00,  6.40it/s]Loading checkpoint shards: 100%|██████████| 3/3 [00:00<00:00,  6.59it/s]Loading checkpoint shards: 100%|██████████| 3/3 [00:00<00:00,  6.54it/s]
/usr/local/lib/python3.11/dist-packages/torch/nn/utils/weight_norm.py:134: FutureWarning: `torch.nn.utils.weight_norm` is deprecated in favor of `torch.nn.utils.parametrizations.weight_norm`.
  WeightNorm.apply(module, name, dim)
Stage1 inference...:   0%|          | 0/3 [00:00<?, ?it/s]The attention mask is not set and cannot be inferred from input because pad token is same as eos token. As a consequence, you may observe unexpected behavior. Please pass your input's `attention_mask` to obtain reliable results.
Stage1 inference...:  67%|██████▋   | 2/3 [03:05<01:32, 92.77s/it]Stage1 inference...: 100%|██████████| 3/3 [06:04<00:00, 128.53s/it]Stage1 inference...: 100%|██████████| 3/3 [06:04<00:00, 121.38s/it]
Stage 2 inference...
  0%|          | 0/2 [00:00<?, ?it/s] 50%|█████     | 1/2 [06:49<06:49, 409.37s/it]100%|██████████| 2/2 [13:41<00:00, 411.16s/it]100%|██████████| 2/2 [13:41<00:00, 410.89s/it]
/workspace/yue/YuE/inference/xcodec_mini_infer/vocoder.py:21: FutureWarning: You are using `torch.load` with `weights_only=False` (the current default value), which uses the default pickle module implicitly. It is possible to construct malicious pickle data which will execute arbitrary code during unpickling (See https://github.com/pytorch/pytorch/blob/main/SECURITY.md#untrusted-models for more details). In a future release, the default value for `weights_only` will be flipped to `True`. This limits the functions that could be executed during unpickling. Arbitrary objects will no longer be allowed to be loaded via this mode unless they are explicitly allowlisted by the user via `torch.serialization.add_safe_globals`. We recommend you start setting `weights_only=True` for any use case where you don't have full control of the loaded file. Please open an issue on GitHub for any issues related to this experimental feature.
  vocal_decoder.load_state_dict(torch.load(vocal_decoder_path))
/workspace/yue/YuE/inference/xcodec_mini_infer/vocoder.py:23: FutureWarning: You are using `torch.load` with `weights_only=False` (the current default value), which uses the default pickle module implicitly. It is possible to construct malicious pickle data which will execute arbitrary code during unpickling (See https://github.com/pytorch/pytorch/blob/main/SECURITY.md#untrusted-models for more details). In a future release, the default value for `weights_only` will be flipped to `True`. This limits the functions that could be executed during unpickling. Arbitrary objects will no longer be allowed to be loaded via this mode unless they are explicitly allowlisted by the user via `torch.serialization.add_safe_globals`. We recommend you start setting `weights_only=True` for any use case where you don't have full control of the loaded file. Please open an issue on GitHub for any issues related to this experimental feature.
  inst_decoder.load_state_dict(torch.load(inst_decoder_path))
/workspace/yue/YuE/inference/xcodec_mini_infer/vocoder.py:45: UserWarning: To copy construct from a tensor, it is recommended to use sourceTensor.clone().detach() or sourceTensor.clone().detach().requires_grad_(True), rather than torch.tensor(sourceTensor).
  compressed = torch.tensor(compressed).to(f"cuda:{args.cuda_idx}")
['/workspace/yue/res/base_seed42/stage2/inspiring-female-uplifting-pop-airy-vocal-electronic-bright-vocal-vocal_tp0@93_T1@0_rp1@1_maxtk3000_b2364a9a-35b0-4220-8521-cbfa9e20e0fc_vtrack.npy', '/workspace/yue/res/base_seed42/stage2/inspiring-female-uplifting-pop-airy-vocal-electronic-bright-vocal-vocal_tp0@93_T1@0_rp1@1_maxtk3000_b2364a9a-35b0-4220-8521-cbfa9e20e0fc_itrack.npy']
Stage 2 DONE.

Processing /workspace/yue/res/base_seed42/stage2/inspiring-female-uplifting-pop-airy-vocal-electronic-bright-vocal-vocal_tp0@93_T1@0_rp1@1_maxtk3000_b2364a9a-35b0-4220-8521-cbfa9e20e0fc_vtrack.npy
Compressed shape: (8, 2945)
Decoded in 0.26s (228.91x RTF)
Saved: /workspace/yue/res/base_seed42/vocoder/stems/vtrack.mp3
Processing /workspace/yue/res/base_seed42/stage2/inspiring-female-uplifting-pop-airy-vocal-electronic-bright-vocal-vocal_tp0@93_T1@0_rp1@1_maxtk3000_b2364a9a-35b0-4220-8521-cbfa9e20e0fc_itrack.npy
Compressed shape: (8, 2945)
Decoded in 0.01s (3983.24x RTF)
Saved: /workspace/yue/res/base_seed42/vocoder/stems/itrack.mp3
Created mix: /workspace/yue/res/base_seed42/vocoder/mix/inspiring-female-uplifting-pop-airy-vocal-electronic-bright-vocal-vocal_tp0@93_T1@0_rp1@1_maxtk3000_b2364a9a-35b0-4220-8521-cbfa9e20e0fc_mixed.mp3
Successfully created 'inspiring-female-uplifting-pop-airy-vocal-electronic-bright-vocal-vocal_tp0@93_T1@0_rp1@1_maxtk3000_b2364a9a-35b0-4220-8521-cbfa9e20e0fc_mixed.mp3' with matched low-frequency energy.
TIMING {"start": 0.0, "stage1_done": 370.9, "stage2_start": 381.8, "stage2_done": 1205.6, "end": 1213.2}
